2025-12-07 01:11:27,034 [INFO] Activator:176 - 


2025-12-07 01:11:27,040 [INFO] Activator:177 - !SESSION log4j initialized
2025-12-07 01:11:34,377 [INFO] LogOutputStream:77 - [STDOUT_REDIRECT] 
2025-12-07 01:11:36,635 [INFO] ApplicationProperties:184 - Using Application install path: C:\ST\STM32CubeIDE_1.18.1\STM32CubeIDE\plugins\com.st.stm32cube.common.mx_6.14.1.202504091515
2025-12-07 01:11:36,660 [INFO] DbMcusXml:78 - Set database path to: C:\ST\STM32CubeIDE_1.18.1\STM32CubeIDE\plugins\com.st.stm32cube.common.mx_6.14.1.202504091515\\db\/mcu/
2025-12-07 01:11:36,660 [INFO] ApiDb:274 - Set plugin database path to: C:\ST\STM32CubeIDE_1.18.1\STM32CubeIDE\plugins\com.st.stm32cube.common.mx_6.14.1.202504091515\\db\/plugins/boardmanager/
2025-12-07 01:11:36,660 [WARN] ApiDb:259 - Overriding images path with different value:  => C:\ST\STM32CubeIDE_1.18.1\STM32CubeIDE\plugins\com.st.stm32cube.common.mx_6.14.1.202504091515\\db\/plugins/mcufinder/images/
2025-12-07 01:11:36,673 [INFO] ApiDb:250 - Set database path to: C:\Users\Lenovo\.stmcufinder\plugins\mcufinder//mcu/
2025-12-07 01:11:36,675 [INFO] DbMcusAds:125 - Set database path to: C:\Users\Lenovo\.stmcufinder\plugins\mcufinder//mcu/
2025-12-07 01:11:36,678 [INFO] CrossReferenceDbSqlite:203 - Set database path to: C:\Users\Lenovo\.stmcufinder\plugins\mcufinder//mcu/cs/
2025-12-07 01:11:36,799 [INFO] RulesReader:64 - Compatibility file has been processed (302 Rules)
2025-12-07 01:11:36,893 [INFO] DbMcusXml:78 - Set database path to: C:\ST\STM32CubeIDE_1.18.1\STM32CubeIDE\plugins\com.st.stm32cube.common.mx_6.14.1.202504091515\\db\/mcu/
2025-12-07 01:11:36,894 [INFO] ApiDb:274 - Set plugin database path to: C:\ST\STM32CubeIDE_1.18.1\STM32CubeIDE\plugins\com.st.stm32cube.common.mx_6.14.1.202504091515\\db\/plugins/boardmanager/
2025-12-07 01:11:36,894 [INFO] ApiDb:261 - Set plugin images path to: C:\ST\STM32CubeIDE_1.18.1\STM32CubeIDE\plugins\com.st.stm32cube.common.mx_6.14.1.202504091515\\db\/plugins/mcufinder/images/
2025-12-07 01:11:36,894 [WARN] DbFile:41 - Overriding database path with different value: C:\Users\Lenovo\.stmcufinder\plugins\mcufinder/ => C:\Users\Lenovo\.stmcufinder\plugins\mcufinder
2025-12-07 01:11:36,894 [INFO] ApiDb:250 - Set database path to: C:\Users\Lenovo\.stmcufinder\plugins\mcufinder//mcu/
2025-12-07 01:11:36,894 [WARN] DbFile:41 - Overriding database path with different value: C:\Users\Lenovo\.stmcufinder\plugins\mcufinder/ => C:\Users\Lenovo\.stmcufinder\plugins\mcufinder
2025-12-07 01:11:36,894 [INFO] DbMcusAds:125 - Set database path to: C:\Users\Lenovo\.stmcufinder\plugins\mcufinder//mcu/
2025-12-07 01:11:36,895 [WARN] DbFile:41 - Overriding database path with different value: C:\Users\Lenovo\.stmcufinder\plugins\mcufinder/ => C:\Users\Lenovo\.stmcufinder\plugins\mcufinder
2025-12-07 01:11:36,895 [WARN] DbFile:41 - Overriding database path with different value: C:\Users\Lenovo\.stmcufinder\plugins\mcufinder/ => C:\Users\Lenovo\.stmcufinder\plugins\mcufinder
2025-12-07 01:11:36,895 [INFO] CrossReferenceDbSqlite:203 - Set database path to: C:\Users\Lenovo\.stmcufinder\plugins\mcufinder//mcu/cs/
2025-12-07 01:11:36,958 [ERROR] ConfigurationRetriever:142 - IOException on connection: Connect timed out
2025-12-07 01:11:36,980 [INFO] MainPanel:272 - HeapMemory: 268435456
2025-12-07 01:11:37,097 [INFO] DbMcusXml:78 - Set database path to: C:\ST\STM32CubeIDE_1.18.1\STM32CubeIDE\plugins\com.st.stm32cube.common.mx_6.14.1.202504091515\\db\/mcu/
2025-12-07 01:11:37,097 [INFO] ApiDb:274 - Set plugin database path to: C:\ST\STM32CubeIDE_1.18.1\STM32CubeIDE\plugins\com.st.stm32cube.common.mx_6.14.1.202504091515\\db\/plugins/boardmanager/
2025-12-07 01:11:37,097 [INFO] ApiDb:261 - Set plugin images path to: C:\ST\STM32CubeIDE_1.18.1\STM32CubeIDE\plugins\com.st.stm32cube.common.mx_6.14.1.202504091515\\db\/plugins/mcufinder/images/
2025-12-07 01:11:37,098 [WARN] DbFile:41 - Overriding database path with different value: C:\Users\Lenovo\.stmcufinder\plugins\mcufinder/ => C:\Users\Lenovo\.stmcufinder\plugins\mcufinder
2025-12-07 01:11:37,098 [INFO] ApiDb:250 - Set database path to: C:\Users\Lenovo\.stmcufinder\plugins\mcufinder//mcu/
2025-12-07 01:11:37,098 [WARN] DbFile:41 - Overriding database path with different value: C:\Users\Lenovo\.stmcufinder\plugins\mcufinder/ => C:\Users\Lenovo\.stmcufinder\plugins\mcufinder
2025-12-07 01:11:37,098 [INFO] DbMcusAds:125 - Set database path to: C:\Users\Lenovo\.stmcufinder\plugins\mcufinder//mcu/
2025-12-07 01:11:37,098 [WARN] DbFile:41 - Overriding database path with different value: C:\Users\Lenovo\.stmcufinder\plugins\mcufinder/ => C:\Users\Lenovo\.stmcufinder\plugins\mcufinder
2025-12-07 01:11:37,098 [WARN] DbFile:41 - Overriding database path with different value: C:\Users\Lenovo\.stmcufinder\plugins\mcufinder/ => C:\Users\Lenovo\.stmcufinder\plugins\mcufinder
2025-12-07 01:11:37,098 [INFO] CrossReferenceDbSqlite:203 - Set database path to: C:\Users\Lenovo\.stmcufinder\plugins\mcufinder//mcu/cs/
2025-12-07 01:11:37,117 [INFO] ApplicationProperties:184 - Using Application install path: C:\ST\STM32CubeIDE_1.18.1\STM32CubeIDE\plugins\com.st.stm32cube.common.mx_6.14.1.202504091515
2025-12-07 01:11:37,119 [INFO] PluginManage:196 - Search for loadable plugins [exclusion list=, ]
2025-12-07 01:11:37,120 [INFO] PluginManage:310 - Check plugin analytics
2025-12-07 01:11:37,291 [INFO] AnalyticsPlugin:253 - Accepted Software Licenses: 
2025-12-07 01:11:37,291 [INFO] AnalyticsPlugin:255 - Accepted CMSIS Pack Licenses: 
2025-12-07 01:11:37,291 [INFO] AnalyticsPlugin:257 - Accepted Firmware Licenses: 
2025-12-07 01:11:37,295 [INFO] PluginManage:359 - Loaded plugin analytics (category:tool,tabindex:-1)
2025-12-07 01:11:37,296 [INFO] PluginManage:310 - Check plugin cadmodel
2025-12-07 01:11:37,319 [INFO] CADModel:105 - Init CAD model plugin
2025-12-07 01:11:37,319 [INFO] PluginManage:359 - Loaded plugin cadmodel (category:power,tabindex:5)
2025-12-07 01:11:37,319 [INFO] PluginManage:310 - Check plugin clock
2025-12-07 01:11:37,345 [INFO] PluginManage:359 - Loaded plugin clock (category:base,tabindex:2)
2025-12-07 01:11:37,346 [INFO] PluginManage:310 - Check plugin ddr
2025-12-07 01:11:37,348 [INFO] PluginManage:359 - Loaded plugin ddr (category:tool,tabindex:6)
2025-12-07 01:11:37,348 [INFO] PluginManage:310 - Check plugin filemanager
2025-12-07 01:11:37,495 [INFO] PluginManage:359 - Loaded plugin filemanager (category:base,tabindex:10)
2025-12-07 01:11:37,495 [INFO] PluginManage:310 - Check plugin ipmanager
2025-12-07 01:11:37,503 [INFO] PluginManage:359 - Loaded plugin ipmanager (category:base,tabindex:5)
2025-12-07 01:11:37,503 [INFO] PluginManage:310 - Check plugin lpbam
2025-12-07 01:11:37,527 [INFO] PluginManage:359 - Loaded plugin lpbam (category:base,tabindex:0)
2025-12-07 01:11:37,527 [INFO] PluginManage:310 - Check plugin memorymap
2025-12-07 01:11:37,571 [INFO] PluginManage:359 - Loaded plugin memorymap (category:base,tabindex:4)
2025-12-07 01:11:37,571 [INFO] PluginManage:310 - Check plugin pinoutandconfiguration
2025-12-07 01:11:37,600 [INFO] PluginManage:359 - Loaded plugin pinoutandconfiguration (category:base,tabindex:1)
2025-12-07 01:11:37,601 [INFO] PluginManage:310 - Check plugin pinoutconfig
2025-12-07 01:11:37,708 [WARN] SupportedApi:132 - Cannot load RTOS API schema: s4s-elt-must-match.1: The content of 'definitions' must match (annotation?, (simpleType | complexType)?, (unique | key | keyref)*)). A problem was found starting at: attribute.
2025-12-07 01:11:37,883 [INFO] PluginManage:359 - Loaded plugin pinoutconfig (category:base,tabindex:0)
2025-12-07 01:11:37,884 [INFO] PluginManage:310 - Check plugin power
2025-12-07 01:11:37,912 [INFO] PluginManage:359 - Loaded plugin power (category:power,tabindex:4)
2025-12-07 01:11:37,913 [INFO] PluginManage:310 - Check plugin projectmanager
2025-12-07 01:11:37,933 [INFO] PluginManage:359 - Loaded plugin projectmanager (category:projectmanager,tabindex:4)
2025-12-07 01:11:37,934 [INFO] PluginManage:310 - Check plugin rif
2025-12-07 01:11:37,963 [INFO] PluginManage:359 - Loaded plugin rif (category:base,tabindex:3)
2025-12-07 01:11:37,963 [INFO] PluginManage:310 - Check plugin thirdparty
2025-12-07 01:11:38,341 [INFO] PluginManage:359 - Loaded plugin thirdparty (category:base,tabindex:-1)
2025-12-07 01:11:38,341 [INFO] PluginManage:310 - Check plugin tools
2025-12-07 01:11:38,341 [WARN] IntegrityCheckThread:84 - waiting for thirdparty lock release [integrity check]
2025-12-07 01:11:38,341 [INFO] IntegrityCheckThread:86 - entering critical section [integrity check]
2025-12-07 01:11:38,341 [INFO] ThirdPartyUpdaterWithRetryManager:70 - Updater plugin not ready yet. [1/15]
2025-12-07 01:11:38,397 [INFO] PluginManage:359 - Loaded plugin tools (category:base,tabindex:7)
2025-12-07 01:11:38,397 [INFO] PluginManage:310 - Check plugin tutovideos
2025-12-07 01:11:38,595 [INFO] PluginManage:359 - Loaded plugin tutovideos (category:base,tabindex:-1)
2025-12-07 01:11:38,596 [INFO] PluginManage:310 - Check plugin updater
2025-12-07 01:11:38,619 [INFO] PluginManage:359 - Loaded plugin updater (category:base,tabindex:12)
2025-12-07 01:11:38,619 [INFO] PluginManage:310 - Check plugin userauth
2025-12-07 01:11:38,624 [INFO] UserAuth:118 - Init User Auth plugin
2025-12-07 01:11:38,625 [INFO] PluginManage:359 - Loaded plugin userauth (category:base,tabindex:14)
2025-12-07 01:11:38,625 [INFO] PluginManage:283 - PluginManage : Loaded plugins [18]
2025-12-07 01:11:38,872 [INFO] PinOutPanel:1589 - setPackage(No Configuration,No Configuration)
2025-12-07 01:11:38,960 [ERROR] ConfigurationRetriever:142 - IOException on connection: Connect timed out
2025-12-07 01:11:38,965 [INFO] CADModel:165 - CPN selected for project level
2025-12-07 01:11:38,965 [INFO] CADModel:114 - Register for checkConnection events
2025-12-07 01:11:39,004 [INFO] IPUIPlugin:80 - create IPUIPlugin
2025-12-07 01:11:39,004 [INFO] PluginManager:220 - loadIPPluginJar : add adc
2025-12-07 01:11:39,077 [INFO] IPUIPlugin:80 - create IPUIPlugin
2025-12-07 01:11:39,078 [INFO] PluginManager:220 - loadIPPluginJar : add aes
2025-12-07 01:11:39,161 [INFO] IPUIPlugin:80 - create IPUIPlugin
2025-12-07 01:11:39,161 [INFO] PluginManager:220 - loadIPPluginJar : add can
2025-12-07 01:11:39,204 [INFO] IPUIPlugin:80 - create IPUIPlugin
2025-12-07 01:11:39,204 [INFO] PluginManager:220 - loadIPPluginJar : add comp
2025-12-07 01:11:39,256 [INFO] IPUIPlugin:80 - create IPUIPlugin
2025-12-07 01:11:39,256 [INFO] PluginManager:220 - loadIPPluginJar : add cryp
2025-12-07 01:11:39,273 [INFO] IPUIPlugin:80 - create IPUIPlugin
2025-12-07 01:11:39,274 [INFO] PluginManager:220 - loadIPPluginJar : add ddr_ctrl_phy
2025-12-07 01:11:39,338 [INFO] IPUIPlugin:80 - create IPUIPlugin
2025-12-07 01:11:39,338 [INFO] PluginManager:220 - loadIPPluginJar : add dfsdm
2025-12-07 01:11:39,340 [ERROR] ConfigurationRetriever:142 - IOException on connection: Connection refused: getsockopt
2025-12-07 01:11:39,361 [INFO] IPUIPlugin:80 - create IPUIPlugin
2025-12-07 01:11:39,362 [INFO] PluginManager:220 - loadIPPluginJar : add dma
2025-12-07 01:11:39,446 [INFO] IPUIPlugin:80 - create IPUIPlugin
2025-12-07 01:11:39,446 [INFO] PluginManager:220 - loadIPPluginJar : add dma3
2025-12-07 01:11:39,516 [INFO] IPUIPlugin:80 - create IPUIPlugin
2025-12-07 01:11:39,517 [INFO] PluginManager:220 - loadIPPluginJar : add extmemmanager
2025-12-07 01:11:39,553 [INFO] IPUIPlugin:80 - create IPUIPlugin
2025-12-07 01:11:39,554 [INFO] PluginManager:220 - loadIPPluginJar : add fatfs
2025-12-07 01:11:39,626 [INFO] IPUIPlugin:80 - create IPUIPlugin
2025-12-07 01:11:39,627 [INFO] PluginManager:220 - loadIPPluginJar : add fmc
2025-12-07 01:11:39,648 [INFO] IPUIPlugin:80 - create IPUIPlugin
2025-12-07 01:11:39,649 [INFO] PluginManager:220 - loadIPPluginJar : add freertos
2025-12-07 01:11:39,685 [INFO] IPUIPlugin:80 - create IPUIPlugin
2025-12-07 01:11:39,686 [INFO] PluginManager:220 - loadIPPluginJar : add genericplugin
2025-12-07 01:11:39,843 [INFO] IPUIPlugin:80 - create IPUIPlugin
2025-12-07 01:11:39,844 [INFO] PluginManager:220 - loadIPPluginJar : add gfxmmu
2025-12-07 01:11:40,063 [INFO] IPUIPlugin:80 - create IPUIPlugin
2025-12-07 01:11:40,063 [INFO] PluginManager:220 - loadIPPluginJar : add gic
2025-12-07 01:11:40,083 [INFO] IPUIPlugin:80 - create IPUIPlugin
2025-12-07 01:11:40,083 [INFO] PluginManager:220 - loadIPPluginJar : add gpio
2025-12-07 01:11:40,237 [INFO] IPUIPlugin:80 - create IPUIPlugin
2025-12-07 01:11:40,237 [INFO] PluginManager:220 - loadIPPluginJar : add gtzc
2025-12-07 01:11:40,294 [INFO] IPUIPlugin:80 - create IPUIPlugin
2025-12-07 01:11:40,294 [INFO] PluginManager:220 - loadIPPluginJar : add hash
2025-12-07 01:11:40,387 [INFO] IPUIPlugin:80 - create IPUIPlugin
2025-12-07 01:11:40,387 [INFO] PluginManager:220 - loadIPPluginJar : add i2c
2025-12-07 01:11:40,459 [INFO] IPUIPlugin:80 - create IPUIPlugin
2025-12-07 01:11:40,459 [INFO] PluginManager:220 - loadIPPluginJar : add i2s
2025-12-07 01:11:40,532 [INFO] IPUIPlugin:80 - create IPUIPlugin
2025-12-07 01:11:40,532 [INFO] PluginManager:220 - loadIPPluginJar : add i3c
2025-12-07 01:11:40,669 [INFO] IPUIPlugin:80 - create IPUIPlugin
2025-12-07 01:11:40,669 [INFO] PluginManager:220 - loadIPPluginJar : add ipddr
2025-12-07 01:11:40,812 [INFO] IPUIPlugin:80 - create IPUIPlugin
2025-12-07 01:11:40,812 [INFO] PluginManager:220 - loadIPPluginJar : add linkedlist
2025-12-07 01:11:40,868 [INFO] IPUIPlugin:80 - create IPUIPlugin
2025-12-07 01:11:40,869 [INFO] PluginManager:220 - loadIPPluginJar : add lorawan
2025-12-07 01:11:40,928 [INFO] IPUIPlugin:80 - create IPUIPlugin
2025-12-07 01:11:40,928 [INFO] PluginManager:220 - loadIPPluginJar : add ltdc
2025-12-07 01:11:40,948 [INFO] IPUIPlugin:80 - create IPUIPlugin
2025-12-07 01:11:40,948 [INFO] PluginManager:220 - loadIPPluginJar : add mdma
2025-12-07 01:11:40,963 [ERROR] ConfigurationRetriever:142 - IOException on connection: Connect timed out
2025-12-07 01:11:40,966 [INFO] IPUIPlugin:80 - create IPUIPlugin
2025-12-07 01:11:40,966 [INFO] PluginManager:220 - loadIPPluginJar : add nvic
2025-12-07 01:11:41,028 [INFO] IPUIPlugin:80 - create IPUIPlugin
2025-12-07 01:11:41,028 [INFO] PluginManager:220 - loadIPPluginJar : add opamp
2025-12-07 01:11:41,125 [INFO] IPUIPlugin:80 - create IPUIPlugin
2025-12-07 01:11:41,125 [INFO] PluginManager:220 - loadIPPluginJar : add openamp
2025-12-07 01:11:41,193 [INFO] IPUIPlugin:80 - create IPUIPlugin
2025-12-07 01:11:41,193 [INFO] PluginManager:220 - loadIPPluginJar : add pdm2pcm
2025-12-07 01:11:41,214 [INFO] IPUIPlugin:80 - create IPUIPlugin
2025-12-07 01:11:41,217 [INFO] PluginManager:220 - loadIPPluginJar : add plateformsettings
2025-12-07 01:11:41,256 [INFO] IPUIPlugin:80 - create IPUIPlugin
2025-12-07 01:11:41,256 [INFO] PluginManager:220 - loadIPPluginJar : add quadspi
2025-12-07 01:11:41,297 [INFO] IPUIPlugin:80 - create IPUIPlugin
2025-12-07 01:11:41,298 [INFO] PluginManager:220 - loadIPPluginJar : add radio
2025-12-07 01:11:41,316 [INFO] IPUIPlugin:80 - create IPUIPlugin
2025-12-07 01:11:41,316 [INFO] PluginManager:220 - loadIPPluginJar : add resmgrutility
2025-12-07 01:11:41,342 [INFO] ThirdPartyUpdaterWithRetryManager:70 - Updater plugin not ready yet. [2/15]
2025-12-07 01:11:41,399 [INFO] IPUIPlugin:80 - create IPUIPlugin
2025-12-07 01:11:41,400 [INFO] PluginManager:220 - loadIPPluginJar : add sai
2025-12-07 01:11:41,420 [ERROR] ConfigurationRetriever:142 - IOException on connection: Connection refused: getsockopt
2025-12-07 01:11:41,465 [INFO] IPUIPlugin:80 - create IPUIPlugin
2025-12-07 01:11:41,465 [INFO] PluginManager:220 - loadIPPluginJar : add spi
2025-12-07 01:11:41,570 [INFO] IPUIPlugin:80 - create IPUIPlugin
2025-12-07 01:11:41,570 [INFO] PluginManager:220 - loadIPPluginJar : add stm32_wpan
2025-12-07 01:11:41,609 [INFO] IPUIPlugin:80 - create IPUIPlugin
2025-12-07 01:11:41,609 [INFO] PluginManager:220 - loadIPPluginJar : add tim
2025-12-07 01:11:41,698 [INFO] IPUIPlugin:80 - create IPUIPlugin
2025-12-07 01:11:41,698 [INFO] PluginManager:220 - loadIPPluginJar : add touchsensing
2025-12-07 01:11:41,734 [INFO] IPUIPlugin:80 - create IPUIPlugin
2025-12-07 01:11:41,734 [INFO] PluginManager:220 - loadIPPluginJar : add tracer_emb
2025-12-07 01:11:41,773 [INFO] IPUIPlugin:80 - create IPUIPlugin
2025-12-07 01:11:41,773 [INFO] PluginManager:220 - loadIPPluginJar : add ts
2025-12-07 01:11:41,811 [INFO] IPUIPlugin:80 - create IPUIPlugin
2025-12-07 01:11:41,811 [INFO] PluginManager:220 - loadIPPluginJar : add tsc
2025-12-07 01:11:41,847 [INFO] IPUIPlugin:80 - create IPUIPlugin
2025-12-07 01:11:41,847 [INFO] PluginManager:220 - loadIPPluginJar : add ucpd
2025-12-07 01:11:41,912 [INFO] IPUIPlugin:80 - create IPUIPlugin
2025-12-07 01:11:41,912 [INFO] PluginManager:220 - loadIPPluginJar : add usart
2025-12-07 01:11:41,979 [INFO] IPUIPlugin:80 - create IPUIPlugin
2025-12-07 01:11:41,979 [INFO] PluginManager:220 - loadIPPluginJar : add usbx
2025-12-07 01:11:42,112 [FATAL] Updater:351 - Updater called before beeing initialized
2025-12-07 01:11:42,138 [INFO] RulesReader:64 - Compatibility file has been processed (302 Rules)
2025-12-07 01:11:42,150 [INFO] RulesReader:64 - Compatibility file has been processed (302 Rules)
2025-12-07 01:11:42,160 [INFO] CADModel:165 - CPN selected for project level
2025-12-07 01:11:42,160 [INFO] CADModel:114 - Register for checkConnection events
2025-12-07 01:11:42,160 [FATAL] Updater:351 - Updater called before beeing initialized
2025-12-07 01:11:42,160 [ERROR] CADModel:125 - Updater not yet initialized, retry later 
2025-12-07 01:11:42,313 [FATAL] Updater:351 - Updater called before beeing initialized
2025-12-07 01:11:42,315 [INFO] CADModel:165 - CPN selected for project level
2025-12-07 01:11:42,315 [INFO] CADModel:114 - Register for checkConnection events
2025-12-07 01:11:42,315 [FATAL] Updater:351 - Updater called before beeing initialized
2025-12-07 01:11:42,315 [ERROR] CADModel:125 - Updater not yet initialized, retry later 
2025-12-07 01:11:42,319 [FATAL] Updater:351 - Updater called before beeing initialized
2025-12-07 01:11:42,457 [FATAL] Updater:351 - Updater called before beeing initialized
2025-12-07 01:11:42,471 [INFO] DbMcusAds:53 - JSON generation date=Mon Nov 10 17:43:01 ICT 2025 (1762771381118)
2025-12-07 01:11:42,471 [FATAL] Updater:351 - Updater called before beeing initialized
2025-12-07 01:11:42,504 [WARN] DetailPanel:346 - Failed to get advertising image, set to default
2025-12-07 01:11:42,733 [FATAL] Updater:351 - Updater called before beeing initialized
2025-12-07 01:11:42,739 [FATAL] Updater:351 - Updater called before beeing initialized
2025-12-07 01:11:42,740 [FATAL] Updater:351 - Updater called before beeing initialized
2025-12-07 01:11:42,740 [WARN] DetailPanel:346 - Failed to get advertising image, set to default
2025-12-07 01:11:42,741 [FATAL] Updater:351 - Updater called before beeing initialized
2025-12-07 01:11:42,826 [ERROR] Updater:1198 - MainUpdater not yet initialized. External WinMGr cannot be set.
2025-12-07 01:11:42,841 [INFO] Updater:1134 - Updater Version found : 6.14.1
2025-12-07 01:11:42,863 [INFO] ApplicationProperties:184 - Using Application install path: C:\ST\STM32CubeIDE_1.18.1\STM32CubeIDE\plugins\com.st.stm32cube.common.mx_6.14.1.202504091515
2025-12-07 01:11:43,502 [ERROR] ConfigurationRetriever:142 - IOException on connection: Connection refused: getsockopt
2025-12-07 01:11:44,344 [INFO] ThirdPartyUpdaterWithRetryManager:70 - Updater plugin not ready yet. [3/15]
2025-12-07 01:11:44,456 [ERROR] LogOutputStream:75 - [STDERR_REDIRECT] Dec 07, 2025 1:11:44 AM java.util.prefs.WindowsPreferences <init>
2025-12-07 01:11:44,457 [ERROR] LogOutputStream:75 - [STDERR_REDIRECT] WARNING: Could not open/create prefs root node Software\JavaSoft\Prefs at root 0xffffffff80000002. Windows RegCreateKeyEx(...) returned error code 5.
2025-12-07 01:11:44,457 [ERROR] LogOutputStream:75 - [STDERR_REDIRECT] 
2025-12-07 01:11:47,345 [FATAL] Updater:351 - Updater called before beeing initialized
2025-12-07 01:11:47,345 [ERROR] IntegrityCheckThread:130 - Cannot retrieve database content from updater: error 21
2025-12-07 01:11:47,345 [INFO] ThirdParty:978 - Integrity check success = false
2025-12-07 01:11:47,345 [INFO] IntegrityCheckThread:100 - exiting critical section [integrity check]
2025-12-07 01:11:47,345 [INFO] IntegrityCheckThread:103 - End integrity checks thread
2025-12-07 01:11:48,754 [WARN] CheckConnectionManager:291 - Warning during Server Connection :  timeout Connect to sw-center.st.com:443 [sw-center.st.com/23.33.184.229, sw-center.st.com/23.33.184.246] failed: Connect timed out
2025-12-07 01:11:52,759 [WARN] CheckConnectionManager:291 - Warning during Server Connection :  timeout Connect to sw-center.st.com:443 [sw-center.st.com/23.33.184.229, sw-center.st.com/23.33.184.246] failed: Connect timed out
2025-12-07 01:11:52,762 [INFO] MainUpdater:2872 - connection check result : 22
2025-12-07 01:11:52,763 [INFO] MainUpdater:289 - Updater Check For Update Now.
2025-12-07 01:11:52,763 [INFO] MicroXplorer:498 - Change Database Version : DB.6.0.141
2025-12-07 01:11:52,794 [INFO] McuFinderGlobals:63 - Set McuFinder mode to 2 (CubeIDE integrated)
2025-12-07 01:11:52,794 [INFO] UserAuth:171 - activating auth plugin
2025-12-07 01:11:52,798 [INFO] UserAuth:484 - Internet connection configuration mode: 2
2025-12-07 01:11:52,821 [INFO] UserAuth:484 - Internet connection configuration mode: 2
2025-12-07 01:11:52,987 [INFO] CheckServerUpdateThread:120 - End of CheckServer Thread
2025-12-07 01:12:16,992 [ERROR] ConfigurationRetriever:142 - IOException on connection: Connect timed out
2025-12-07 01:12:18,993 [ERROR] ConfigurationRetriever:142 - IOException on connection: Connect timed out
2025-12-07 01:12:20,995 [ERROR] ConfigurationRetriever:142 - IOException on connection: Connect timed out
2025-12-07 01:12:26,827 [ERROR] ConfigurationRetriever:142 - IOException on connection: Connect timed out
2025-12-07 01:12:28,829 [ERROR] ConfigurationRetriever:142 - IOException on connection: Connect timed out
2025-12-07 01:12:30,831 [ERROR] ConfigurationRetriever:142 - IOException on connection: Connect timed out
2025-12-07 01:34:43,299 [ERROR] ConfigurationRetriever:142 - IOException on connection: Connect timed out
2025-12-07 01:34:45,301 [ERROR] ConfigurationRetriever:142 - IOException on connection: Connect timed out
2025-12-07 01:34:47,302 [ERROR] ConfigurationRetriever:142 - IOException on connection: Connect timed out
