18:29:33 **** Build of configuration Default for project lab1 ****
make all 
Cannot run program "make": Launching failed

Error: Program "make" not found in PATH
PATH=[C:/ST/STM32CubeIDE_1.18.1/STM32CubeIDE//plugins/com.st.stm32cube.ide.jre.win64_3.4.0.202409160955/jre/bin/server;C:/ST/STM32CubeIDE_1.18.1/STM32CubeIDE//plugins/com.st.stm32cube.ide.jre.win64_3.4.0.202409160955/jre/bin;C:\Users\Lenovo\miniconda3\condabin;C:\Program Files\NVIDIA GPU Computing Toolkit\CUDA\v11.4\bin;C:\Users\Lenovo\AppData\Local\activestate\cache\bin;C:\Users\Lenovo\AppData\Local\Microsoft\WindowsApps;C:\Program Files\mingw-w64\x86_64-8.1.0-posix-seh-rt_v6-rev0\mingw64\bin;C:\Program Files (x86)\mingw-w64\i686-8.1.0-posix-dwarf-rt_v6-rev0\mingw32\bin;C:\Users\Lenovo\AppData\Local\Programs\Microsoft VS Code\bin;C:\Ruby32-x64\bin;C:\Users\Lenovo\AppData\Local\Programs\Python\Python38\Scripts\;C:\Users\Lenovo\AppData\Local\Programs\Python\Python38\;C:\Users\Lenovo\.utils\llvm-mingw\bin;C:\Program Files\Git\bin\git.exe;C:\Program Files\Git\cmd;C:\hadoop-3.3.6\bin;C:\Java\jdk-11.0.17\bin;C:\WINDOWS\system32;C:\Java\jre1.8.0_202\bin;C:\ProgramData\chocolatey\bin;C:\Program Files (x86)\CMake\bin\;C:\Windows\System32\WindowsPowerShell\v1.0\;C:\Program Files\Docker\Docker\resources\bin;C:\Program Files (x86)\Microsoft Visual Studio\2019\Professional\VC\Tools\MSVC\14.29.30133\bin\Hostx64\x64;C:\Program Files\NVIDIA GPU Computing Toolkit\CUDA\v11.4;C:\Users\Lenovo\miniconda3\envs\env\Lib\site-packages\torch\include\;C:\Users\Lenovo\miniconda3;C:\Users\Lenovo\miniconda3\Scripts;C:\Users\Lenovo\miniconda3\Library\bin;C:\Users\Lenovo\miniconda3\envs\env\Lib\site-packages\torch\lib;C:\Users\Lenovo\.cargo\bin;C:\Users\Lenovo\AppData\Local\Programs\Python\Python27;C:\Program Files\dotnet;C:\Program Files (x86)\Yarn\bin\;C:\php-8.3.0;C:\Program Files\Go\bin;C:\Program Files\R\R-4.0.5\bin;C:\Users\Lenovo\.ssh;C:\WINDOWS\System32\OpenSSH\;C:\Apache24\bin;C:\Strawberry\c\bin;C:\Strawberry\perl\site\bin;C:\Strawberry\perl\bin;C:\Program Files (x86)\STMicroelectronics\STM32 ST-LINK Utility\ST-LINK Utility;C:\Program Files\MySQL\MySQL Server 8.0\bin;C:\ProgramData\ComposerSetup\bin;C:\Program Files\nodejs\;C:\Apache24\bin;C:\Users\Lenovo\AppData\Local\.meteor;C:\Users\Lenovo\.cargo\bin;C:\Users\Lenovo\AppData\Local\Programs\Python\Python39-32\Scripts\;C:\Users\Lenovo\AppData\Local\Programs\Python\Python39-32\;C:\Users\Lenovo\AppData\Local\Programs\Python\Python39\Scripts\;C:\Users\Lenovo\AppData\Local\Programs\Python\Python39\;C:\Users\Lenovo\AppData\Local\ActiveState\StateTool\release\bin;C:\Ruby32-x64\bin;C:\Users\Lenovo\AppData\Local\Programs\Python\Python311\Scripts\;C:\Users\Lenovo\AppData\Local\Programs\Python\Python311\;C:\Program Files (x86)\Haskell\bin;C:\.D\Soft\ghc-7.6.1\bin;C:\Users\Lenovo\AppData\Local\activestate\cache\bin;C:\Users\Lenovo\AppData\Local\Microsoft\WindowsApps;C:\Program Files\mingw-w64\x86_64-8.1.0-posix-seh-rt_v6-rev0\mingw64\bin;C:\Program Files (x86)\mingw-w64\i686-8.1.0-posix-dwarf-rt_v6-rev0\mingw32\bin;C:\Users\Lenovo\AppData\Local\Programs\Microsoft VS Code\bin;C:\Users\Lenovo\AppData\Local\Programs\Hyper\resou;C:\Users\Lenovo\.utils\llvm-mingw\bin;C:\Users\Lenovo\AppData\Local\Programs\Azure Data Studio\bin;C:\Users\Lenovo\AppData\Local\Programs\MiKTeX\miktex\bin\x64\;C:\Program Files\JetBrains\PyCharm 2024.3.5\bin;;C:\Users\Lenovo\AppData\Local\Programs\Ollama;C:\Users\Lenovo\AppData\Local\Yarn\bin;C:\Users\Lenovo\AppData\Roaming\Composer\vendor\bin;C:\Users\Lenovo\AppData\Roaming\npm;C:\ST\STM32CubeIDE_1.18.1\STM32CubeIDE;]
18:30:37 **** Incremental Build of configuration Default for project lab1 ****
make all 
Cannot run program "make": Launching failed

Error: Program "make" not found in PATH
PATH=[C:/ST/STM32CubeIDE_1.18.1/STM32CubeIDE//plugins/com.st.stm32cube.ide.jre.win64_3.4.0.202409160955/jre/bin/server;C:/ST/STM32CubeIDE_1.18.1/STM32CubeIDE//plugins/com.st.stm32cube.ide.jre.win64_3.4.0.202409160955/jre/bin;C:\Users\Lenovo\miniconda3\condabin;C:\Program Files\NVIDIA GPU Computing Toolkit\CUDA\v11.4\bin;C:\Users\Lenovo\AppData\Local\activestate\cache\bin;C:\Users\Lenovo\AppData\Local\Microsoft\WindowsApps;C:\Program Files\mingw-w64\x86_64-8.1.0-posix-seh-rt_v6-rev0\mingw64\bin;C:\Program Files (x86)\mingw-w64\i686-8.1.0-posix-dwarf-rt_v6-rev0\mingw32\bin;C:\Users\Lenovo\AppData\Local\Programs\Microsoft VS Code\bin;C:\Ruby32-x64\bin;C:\Users\Lenovo\AppData\Local\Programs\Python\Python38\Scripts\;C:\Users\Lenovo\AppData\Local\Programs\Python\Python38\;C:\Users\Lenovo\.utils\llvm-mingw\bin;C:\Program Files\Git\bin\git.exe;C:\Program Files\Git\cmd;C:\hadoop-3.3.6\bin;C:\Java\jdk-11.0.17\bin;C:\WINDOWS\system32;C:\Java\jre1.8.0_202\bin;C:\ProgramData\chocolatey\bin;C:\Program Files (x86)\CMake\bin\;C:\Windows\System32\WindowsPowerShell\v1.0\;C:\Program Files\Docker\Docker\resources\bin;C:\Program Files (x86)\Microsoft Visual Studio\2019\Professional\VC\Tools\MSVC\14.29.30133\bin\Hostx64\x64;C:\Program Files\NVIDIA GPU Computing Toolkit\CUDA\v11.4;C:\Users\Lenovo\miniconda3\envs\env\Lib\site-packages\torch\include\;C:\Users\Lenovo\miniconda3;C:\Users\Lenovo\miniconda3\Scripts;C:\Users\Lenovo\miniconda3\Library\bin;C:\Users\Lenovo\miniconda3\envs\env\Lib\site-packages\torch\lib;C:\Users\Lenovo\.cargo\bin;C:\Users\Lenovo\AppData\Local\Programs\Python\Python27;C:\Program Files\dotnet;C:\Program Files (x86)\Yarn\bin\;C:\php-8.3.0;C:\Program Files\Go\bin;C:\Program Files\R\R-4.0.5\bin;C:\Users\Lenovo\.ssh;C:\WINDOWS\System32\OpenSSH\;C:\Apache24\bin;C:\Strawberry\c\bin;C:\Strawberry\perl\site\bin;C:\Strawberry\perl\bin;C:\Program Files (x86)\STMicroelectronics\STM32 ST-LINK Utility\ST-LINK Utility;C:\Program Files\MySQL\MySQL Server 8.0\bin;C:\ProgramData\ComposerSetup\bin;C:\Program Files\nodejs\;C:\Apache24\bin;C:\Users\Lenovo\AppData\Local\.meteor;C:\Users\Lenovo\.cargo\bin;C:\Users\Lenovo\AppData\Local\Programs\Python\Python39-32\Scripts\;C:\Users\Lenovo\AppData\Local\Programs\Python\Python39-32\;C:\Users\Lenovo\AppData\Local\Programs\Python\Python39\Scripts\;C:\Users\Lenovo\AppData\Local\Programs\Python\Python39\;C:\Users\Lenovo\AppData\Local\ActiveState\StateTool\release\bin;C:\Ruby32-x64\bin;C:\Users\Lenovo\AppData\Local\Programs\Python\Python311\Scripts\;C:\Users\Lenovo\AppData\Local\Programs\Python\Python311\;C:\Program Files (x86)\Haskell\bin;C:\.D\Soft\ghc-7.6.1\bin;C:\Users\Lenovo\AppData\Local\activestate\cache\bin;C:\Users\Lenovo\AppData\Local\Microsoft\WindowsApps;C:\Program Files\mingw-w64\x86_64-8.1.0-posix-seh-rt_v6-rev0\mingw64\bin;C:\Program Files (x86)\mingw-w64\i686-8.1.0-posix-dwarf-rt_v6-rev0\mingw32\bin;C:\Users\Lenovo\AppData\Local\Programs\Microsoft VS Code\bin;C:\Users\Lenovo\AppData\Local\Programs\Hyper\resou;C:\Users\Lenovo\.utils\llvm-mingw\bin;C:\Users\Lenovo\AppData\Local\Programs\Azure Data Studio\bin;C:\Users\Lenovo\AppData\Local\Programs\MiKTeX\miktex\bin\x64\;C:\Program Files\JetBrains\PyCharm 2024.3.5\bin;;C:\Users\Lenovo\AppData\Local\Programs\Ollama;C:\Users\Lenovo\AppData\Local\Yarn\bin;C:\Users\Lenovo\AppData\Roaming\Composer\vendor\bin;C:\Users\Lenovo\AppData\Roaming\npm;C:\ST\STM32CubeIDE_1.18.1\STM32CubeIDE;]
18:30:39 **** Incremental Build of configuration Default for project lab1 ****
make all 
Cannot run program "make": Launching failed

Error: Program "make" not found in PATH
PATH=[C:/ST/STM32CubeIDE_1.18.1/STM32CubeIDE//plugins/com.st.stm32cube.ide.jre.win64_3.4.0.202409160955/jre/bin/server;C:/ST/STM32CubeIDE_1.18.1/STM32CubeIDE//plugins/com.st.stm32cube.ide.jre.win64_3.4.0.202409160955/jre/bin;C:\Users\Lenovo\miniconda3\condabin;C:\Program Files\NVIDIA GPU Computing Toolkit\CUDA\v11.4\bin;C:\Users\Lenovo\AppData\Local\activestate\cache\bin;C:\Users\Lenovo\AppData\Local\Microsoft\WindowsApps;C:\Program Files\mingw-w64\x86_64-8.1.0-posix-seh-rt_v6-rev0\mingw64\bin;C:\Program Files (x86)\mingw-w64\i686-8.1.0-posix-dwarf-rt_v6-rev0\mingw32\bin;C:\Users\Lenovo\AppData\Local\Programs\Microsoft VS Code\bin;C:\Ruby32-x64\bin;C:\Users\Lenovo\AppData\Local\Programs\Python\Python38\Scripts\;C:\Users\Lenovo\AppData\Local\Programs\Python\Python38\;C:\Users\Lenovo\.utils\llvm-mingw\bin;C:\Program Files\Git\bin\git.exe;C:\Program Files\Git\cmd;C:\hadoop-3.3.6\bin;C:\Java\jdk-11.0.17\bin;C:\WINDOWS\system32;C:\Java\jre1.8.0_202\bin;C:\ProgramData\chocolatey\bin;C:\Program Files (x86)\CMake\bin\;C:\Windows\System32\WindowsPowerShell\v1.0\;C:\Program Files\Docker\Docker\resources\bin;C:\Program Files (x86)\Microsoft Visual Studio\2019\Professional\VC\Tools\MSVC\14.29.30133\bin\Hostx64\x64;C:\Program Files\NVIDIA GPU Computing Toolkit\CUDA\v11.4;C:\Users\Lenovo\miniconda3\envs\env\Lib\site-packages\torch\include\;C:\Users\Lenovo\miniconda3;C:\Users\Lenovo\miniconda3\Scripts;C:\Users\Lenovo\miniconda3\Library\bin;C:\Users\Lenovo\miniconda3\envs\env\Lib\site-packages\torch\lib;C:\Users\Lenovo\.cargo\bin;C:\Users\Lenovo\AppData\Local\Programs\Python\Python27;C:\Program Files\dotnet;C:\Program Files (x86)\Yarn\bin\;C:\php-8.3.0;C:\Program Files\Go\bin;C:\Program Files\R\R-4.0.5\bin;C:\Users\Lenovo\.ssh;C:\WINDOWS\System32\OpenSSH\;C:\Apache24\bin;C:\Strawberry\c\bin;C:\Strawberry\perl\site\bin;C:\Strawberry\perl\bin;C:\Program Files (x86)\STMicroelectronics\STM32 ST-LINK Utility\ST-LINK Utility;C:\Program Files\MySQL\MySQL Server 8.0\bin;C:\ProgramData\ComposerSetup\bin;C:\Program Files\nodejs\;C:\Apache24\bin;C:\Users\Lenovo\AppData\Local\.meteor;C:\Users\Lenovo\.cargo\bin;C:\Users\Lenovo\AppData\Local\Programs\Python\Python39-32\Scripts\;C:\Users\Lenovo\AppData\Local\Programs\Python\Python39-32\;C:\Users\Lenovo\AppData\Local\Programs\Python\Python39\Scripts\;C:\Users\Lenovo\AppData\Local\Programs\Python\Python39\;C:\Users\Lenovo\AppData\Local\ActiveState\StateTool\release\bin;C:\Ruby32-x64\bin;C:\Users\Lenovo\AppData\Local\Programs\Python\Python311\Scripts\;C:\Users\Lenovo\AppData\Local\Programs\Python\Python311\;C:\Program Files (x86)\Haskell\bin;C:\.D\Soft\ghc-7.6.1\bin;C:\Users\Lenovo\AppData\Local\activestate\cache\bin;C:\Users\Lenovo\AppData\Local\Microsoft\WindowsApps;C:\Program Files\mingw-w64\x86_64-8.1.0-posix-seh-rt_v6-rev0\mingw64\bin;C:\Program Files (x86)\mingw-w64\i686-8.1.0-posix-dwarf-rt_v6-rev0\mingw32\bin;C:\Users\Lenovo\AppData\Local\Programs\Microsoft VS Code\bin;C:\Users\Lenovo\AppData\Local\Programs\Hyper\resou;C:\Users\Lenovo\.utils\llvm-mingw\bin;C:\Users\Lenovo\AppData\Local\Programs\Azure Data Studio\bin;C:\Users\Lenovo\AppData\Local\Programs\MiKTeX\miktex\bin\x64\;C:\Program Files\JetBrains\PyCharm 2024.3.5\bin;;C:\Users\Lenovo\AppData\Local\Programs\Ollama;C:\Users\Lenovo\AppData\Local\Yarn\bin;C:\Users\Lenovo\AppData\Roaming\Composer\vendor\bin;C:\Users\Lenovo\AppData\Roaming\npm;C:\ST\STM32CubeIDE_1.18.1\STM32CubeIDE;]
18:30:47 **** Incremental Build of configuration Default for project lab1 ****
make all 
Cannot run program "make": Launching failed

Error: Program "make" not found in PATH
PATH=[C:/ST/STM32CubeIDE_1.18.1/STM32CubeIDE//plugins/com.st.stm32cube.ide.jre.win64_3.4.0.202409160955/jre/bin/server;C:/ST/STM32CubeIDE_1.18.1/STM32CubeIDE//plugins/com.st.stm32cube.ide.jre.win64_3.4.0.202409160955/jre/bin;C:\Users\Lenovo\miniconda3\condabin;C:\Program Files\NVIDIA GPU Computing Toolkit\CUDA\v11.4\bin;C:\Users\Lenovo\AppData\Local\activestate\cache\bin;C:\Users\Lenovo\AppData\Local\Microsoft\WindowsApps;C:\Program Files\mingw-w64\x86_64-8.1.0-posix-seh-rt_v6-rev0\mingw64\bin;C:\Program Files (x86)\mingw-w64\i686-8.1.0-posix-dwarf-rt_v6-rev0\mingw32\bin;C:\Users\Lenovo\AppData\Local\Programs\Microsoft VS Code\bin;C:\Ruby32-x64\bin;C:\Users\Lenovo\AppData\Local\Programs\Python\Python38\Scripts\;C:\Users\Lenovo\AppData\Local\Programs\Python\Python38\;C:\Users\Lenovo\.utils\llvm-mingw\bin;C:\Program Files\Git\bin\git.exe;C:\Program Files\Git\cmd;C:\hadoop-3.3.6\bin;C:\Java\jdk-11.0.17\bin;C:\WINDOWS\system32;C:\Java\jre1.8.0_202\bin;C:\ProgramData\chocolatey\bin;C:\Program Files (x86)\CMake\bin\;C:\Windows\System32\WindowsPowerShell\v1.0\;C:\Program Files\Docker\Docker\resources\bin;C:\Program Files (x86)\Microsoft Visual Studio\2019\Professional\VC\Tools\MSVC\14.29.30133\bin\Hostx64\x64;C:\Program Files\NVIDIA GPU Computing Toolkit\CUDA\v11.4;C:\Users\Lenovo\miniconda3\envs\env\Lib\site-packages\torch\include\;C:\Users\Lenovo\miniconda3;C:\Users\Lenovo\miniconda3\Scripts;C:\Users\Lenovo\miniconda3\Library\bin;C:\Users\Lenovo\miniconda3\envs\env\Lib\site-packages\torch\lib;C:\Users\Lenovo\.cargo\bin;C:\Users\Lenovo\AppData\Local\Programs\Python\Python27;C:\Program Files\dotnet;C:\Program Files (x86)\Yarn\bin\;C:\php-8.3.0;C:\Program Files\Go\bin;C:\Program Files\R\R-4.0.5\bin;C:\Users\Lenovo\.ssh;C:\WINDOWS\System32\OpenSSH\;C:\Apache24\bin;C:\Strawberry\c\bin;C:\Strawberry\perl\site\bin;C:\Strawberry\perl\bin;C:\Program Files (x86)\STMicroelectronics\STM32 ST-LINK Utility\ST-LINK Utility;C:\Program Files\MySQL\MySQL Server 8.0\bin;C:\ProgramData\ComposerSetup\bin;C:\Program Files\nodejs\;C:\Apache24\bin;C:\Users\Lenovo\AppData\Local\.meteor;C:\Users\Lenovo\.cargo\bin;C:\Users\Lenovo\AppData\Local\Programs\Python\Python39-32\Scripts\;C:\Users\Lenovo\AppData\Local\Programs\Python\Python39-32\;C:\Users\Lenovo\AppData\Local\Programs\Python\Python39\Scripts\;C:\Users\Lenovo\AppData\Local\Programs\Python\Python39\;C:\Users\Lenovo\AppData\Local\ActiveState\StateTool\release\bin;C:\Ruby32-x64\bin;C:\Users\Lenovo\AppData\Local\Programs\Python\Python311\Scripts\;C:\Users\Lenovo\AppData\Local\Programs\Python\Python311\;C:\Program Files (x86)\Haskell\bin;C:\.D\Soft\ghc-7.6.1\bin;C:\Users\Lenovo\AppData\Local\activestate\cache\bin;C:\Users\Lenovo\AppData\Local\Microsoft\WindowsApps;C:\Program Files\mingw-w64\x86_64-8.1.0-posix-seh-rt_v6-rev0\mingw64\bin;C:\Program Files (x86)\mingw-w64\i686-8.1.0-posix-dwarf-rt_v6-rev0\mingw32\bin;C:\Users\Lenovo\AppData\Local\Programs\Microsoft VS Code\bin;C:\Users\Lenovo\AppData\Local\Programs\Hyper\resou;C:\Users\Lenovo\.utils\llvm-mingw\bin;C:\Users\Lenovo\AppData\Local\Programs\Azure Data Studio\bin;C:\Users\Lenovo\AppData\Local\Programs\MiKTeX\miktex\bin\x64\;C:\Program Files\JetBrains\PyCharm 2024.3.5\bin;;C:\Users\Lenovo\AppData\Local\Programs\Ollama;C:\Users\Lenovo\AppData\Local\Yarn\bin;C:\Users\Lenovo\AppData\Roaming\Composer\vendor\bin;C:\Users\Lenovo\AppData\Roaming\npm;C:\ST\STM32CubeIDE_1.18.1\STM32CubeIDE;]
18:34:14 **** Build of configuration Debug for project lab4 ****
make -j16 all 
arm-none-eabi-gcc "../Src/main.c" -mcpu=cortex-m3 -std=gnu11 -g3 -DDEBUG -DSTM32 -DSTM32F1 -DSTM32F103C8Tx -c -I../Inc -O0 -ffunction-sections -fdata-sections -Wall -fstack-usage -fcyclomatic-complexity -MMD -MP -MF"Src/main.d" -MT"Src/main.o" --specs=nano.specs -mfloat-abi=soft -mthumb -o "Src/main.o"
../Src/main.c:2:10: fatal error: stm32f103xb.h: No such file or directory
    2 | #include "stm32f103xb.h"
      |          ^~~~~~~~~~~~~~~
compilation terminated.
make: *** [Src/subdir.mk:25: Src/main.o] Error 1
"make -j16 all" terminated with exit code 2. Build might be incomplete.
18:34:35 **** Incremental Build of configuration Default for project lab1 ****
make all 
Cannot run program "make": Launching failed

Error: Program "make" not found in PATH
PATH=[C:/ST/STM32CubeIDE_1.18.1/STM32CubeIDE//plugins/com.st.stm32cube.ide.jre.win64_3.4.0.202409160955/jre/bin/server;C:/ST/STM32CubeIDE_1.18.1/STM32CubeIDE//plugins/com.st.stm32cube.ide.jre.win64_3.4.0.202409160955/jre/bin;C:\Users\Lenovo\miniconda3\condabin;C:\Program Files\NVIDIA GPU Computing Toolkit\CUDA\v11.4\bin;C:\Users\Lenovo\AppData\Local\activestate\cache\bin;C:\Users\Lenovo\AppData\Local\Microsoft\WindowsApps;C:\Program Files\mingw-w64\x86_64-8.1.0-posix-seh-rt_v6-rev0\mingw64\bin;C:\Program Files (x86)\mingw-w64\i686-8.1.0-posix-dwarf-rt_v6-rev0\mingw32\bin;C:\Users\Lenovo\AppData\Local\Programs\Microsoft VS Code\bin;C:\Ruby32-x64\bin;C:\Users\Lenovo\AppData\Local\Programs\Python\Python38\Scripts\;C:\Users\Lenovo\AppData\Local\Programs\Python\Python38\;C:\Users\Lenovo\.utils\llvm-mingw\bin;C:\Program Files\Git\bin\git.exe;C:\Program Files\Git\cmd;C:\hadoop-3.3.6\bin;C:\Java\jdk-11.0.17\bin;C:\WINDOWS\system32;C:\Java\jre1.8.0_202\bin;C:\ProgramData\chocolatey\bin;C:\Program Files (x86)\CMake\bin\;C:\Windows\System32\WindowsPowerShell\v1.0\;C:\Program Files\Docker\Docker\resources\bin;C:\Program Files (x86)\Microsoft Visual Studio\2019\Professional\VC\Tools\MSVC\14.29.30133\bin\Hostx64\x64;C:\Program Files\NVIDIA GPU Computing Toolkit\CUDA\v11.4;C:\Users\Lenovo\miniconda3\envs\env\Lib\site-packages\torch\include\;C:\Users\Lenovo\miniconda3;C:\Users\Lenovo\miniconda3\Scripts;C:\Users\Lenovo\miniconda3\Library\bin;C:\Users\Lenovo\miniconda3\envs\env\Lib\site-packages\torch\lib;C:\Users\Lenovo\.cargo\bin;C:\Users\Lenovo\AppData\Local\Programs\Python\Python27;C:\Program Files\dotnet;C:\Program Files (x86)\Yarn\bin\;C:\php-8.3.0;C:\Program Files\Go\bin;C:\Program Files\R\R-4.0.5\bin;C:\Users\Lenovo\.ssh;C:\WINDOWS\System32\OpenSSH\;C:\Apache24\bin;C:\Strawberry\c\bin;C:\Strawberry\perl\site\bin;C:\Strawberry\perl\bin;C:\Program Files (x86)\STMicroelectronics\STM32 ST-LINK Utility\ST-LINK Utility;C:\Program Files\MySQL\MySQL Server 8.0\bin;C:\ProgramData\ComposerSetup\bin;C:\Program Files\nodejs\;C:\Apache24\bin;C:\Users\Lenovo\AppData\Local\.meteor;C:\Users\Lenovo\.cargo\bin;C:\Users\Lenovo\AppData\Local\Programs\Python\Python39-32\Scripts\;C:\Users\Lenovo\AppData\Local\Programs\Python\Python39-32\;C:\Users\Lenovo\AppData\Local\Programs\Python\Python39\Scripts\;C:\Users\Lenovo\AppData\Local\Programs\Python\Python39\;C:\Users\Lenovo\AppData\Local\ActiveState\StateTool\release\bin;C:\Ruby32-x64\bin;C:\Users\Lenovo\AppData\Local\Programs\Python\Python311\Scripts\;C:\Users\Lenovo\AppData\Local\Programs\Python\Python311\;C:\Program Files (x86)\Haskell\bin;C:\.D\Soft\ghc-7.6.1\bin;C:\Users\Lenovo\AppData\Local\activestate\cache\bin;C:\Users\Lenovo\AppData\Local\Microsoft\WindowsApps;C:\Program Files\mingw-w64\x86_64-8.1.0-posix-seh-rt_v6-rev0\mingw64\bin;C:\Program Files (x86)\mingw-w64\i686-8.1.0-posix-dwarf-rt_v6-rev0\mingw32\bin;C:\Users\Lenovo\AppData\Local\Programs\Microsoft VS Code\bin;C:\Users\Lenovo\AppData\Local\Programs\Hyper\resou;C:\Users\Lenovo\.utils\llvm-mingw\bin;C:\Users\Lenovo\AppData\Local\Programs\Azure Data Studio\bin;C:\Users\Lenovo\AppData\Local\Programs\MiKTeX\miktex\bin\x64\;C:\Program Files\JetBrains\PyCharm 2024.3.5\bin;;C:\Users\Lenovo\AppData\Local\Programs\Ollama;C:\Users\Lenovo\AppData\Local\Yarn\bin;C:\Users\Lenovo\AppData\Roaming\Composer\vendor\bin;C:\Users\Lenovo\AppData\Roaming\npm;C:\ST\STM32CubeIDE_1.18.1\STM32CubeIDE;]
18:34:35 **** Build of configuration Debug for project lab2 ****
make -j16 all 
arm-none-eabi-gcc "../Src/main.c" -mcpu=cortex-m3 -std=gnu11 -g3 -DDEBUG -DSTM32 -DSTM32F1 -DSTM32F103C8Tx -c -I../Inc -I"C:/Users/Lenovo/Desktop/embedding/STM32Cube_FW_F1_V1.8.0/Drivers/CMSIS/Include" -I"C:/Users/Lenovo/Desktop/embedding/STM32Cube_FW_F1_V1.8.0/Drivers/CMSIS/Device/ST/STM32F1xx/Include" -O0 -ffunction-sections -fdata-sections -Wall -fstack-usage -fcyclomatic-complexity -MMD -MP -MF"Src/main.d" -MT"Src/main.o" --specs=nano.specs -mfloat-abi=soft -mthumb -o "Src/main.o"
../Src/main.c:1:10: fatal error: stm32f103xb.h: No such file or directory
    1 | #include "stm32f103xb.h"
      |          ^~~~~~~~~~~~~~~
compilation terminated.
make: *** [Src/subdir.mk:25: Src/main.o] Error 1
"make -j16 all" terminated with exit code 2. Build might be incomplete.
18:34:36 **** Build of configuration Release for project lab3 ****
make -j16 all 
arm-none-eabi-gcc "../Src/main.c" -mcpu=cortex-m3 -std=gnu11 -DSTM32 -DSTM32F1 -DSTM32F103C8Tx -c -I../Inc -Os -ffunction-sections -fdata-sections -Wall -fstack-usage -fcyclomatic-complexity -MMD -MP -MF"Src/main.d" -MT"Src/main.o" --specs=nano.specs -mfloat-abi=soft -mthumb -o "Src/main.o"
../Src/main.c:1:10: fatal error: stm32f103xb.h: No such file or directory
    1 | #include "stm32f103xb.h"
      |          ^~~~~~~~~~~~~~~
compilation terminated.
make: *** [Src/subdir.mk:25: Src/main.o] Error 1
"make -j16 all" terminated with exit code 2. Build might be incomplete.
18:34:36 **** Incremental Build of configuration Debug for project lab4 ****
make -j16 all 
arm-none-eabi-gcc "../Src/main.c" -mcpu=cortex-m3 -std=gnu11 -g3 -DDEBUG -DSTM32 -DSTM32F1 -DSTM32F103C8Tx -c -I../Inc -O0 -ffunction-sections -fdata-sections -Wall -fstack-usage -fcyclomatic-complexity -MMD -MP -MF"Src/main.d" -MT"Src/main.o" --specs=nano.specs -mfloat-abi=soft -mthumb -o "Src/main.o"
../Src/main.c:2:10: fatal error: stm32f103xb.h: No such file or directory
    2 | #include "stm32f103xb.h"
      |          ^~~~~~~~~~~~~~~
compilation terminated.
make: *** [Src/subdir.mk:25: Src/main.o] Error 1
"make -j16 all" terminated with exit code 2. Build might be incomplete.
18:34:36 **** Build of configuration Debug for project lab5 ****
make -j16 all 
arm-none-eabi-gcc "../Src/main.c" -mcpu=cortex-m3 -std=gnu11 -g3 -DDEBUG -DSTM32 -DSTM32F1 -DSTM32F103C8Tx -c -I../Inc -I"C:/Users/Lenovo/Desktop/embedding/STM32Cube_FW_F1_V1.8.0/Drivers/CMSIS/Include" -I"C:/Users/Lenovo/Desktop/embedding/STM32Cube_FW_F1_V1.8.0/Drivers/CMSIS/Device/ST/STM32F1xx/Include" -O0 -ffunction-sections -fdata-sections -Wall -fstack-usage -fcyclomatic-complexity -MMD -MP -MF"Src/main.d" -MT"Src/main.o" --specs=nano.specs -mfloat-abi=soft -mthumb -o "Src/main.o"
../Src/main.c:20:10: fatal error: stm32f103xb.h: No such file or directory
   20 | #include "stm32f103xb.h"
      |          ^~~~~~~~~~~~~~~
compilation terminated.
make: *** [Src/subdir.mk:25: Src/main.o] Error 1
"make -j16 all" terminated with exit code 2. Build might be incomplete.
18:34:37 **** Build of configuration Debug for project lab6 ****
make -j16 all 
arm-none-eabi-gcc "../Src/main.c" -mcpu=cortex-m3 -std=gnu11 -g3 -DDEBUG -DSTM32 -DSTM32F1 -DSTM32F103C8Tx -c -I../Inc -O0 -ffunction-sections -fdata-sections -Wall -fstack-usage -fcyclomatic-complexity -MMD -MP -MF"Src/main.d" -MT"Src/main.o" --specs=nano.specs -mfloat-abi=soft -mthumb -o "Src/main.o"
../Src/main.c:1:10: fatal error: stm32f1xx.h: No such file or directory
    1 | #include "stm32f1xx.h"
      |          ^~~~~~~~~~~~~
compilation terminated.
make: *** [Src/subdir.mk:25: Src/main.o] Error 1
"make -j16 all" terminated with exit code 2. Build might be incomplete.
18:38:17 **** Build of configuration Debug for project runrun ****
make -j16 all 
arm-none-eabi-gcc -mcpu=cortex-m3 -g3 -DDEBUG -c -x assembler-with-cpp -MMD -MP -MF"Startup/startup_stm32f103c8tx.d" -MT"Startup/startup_stm32f103c8tx.o" --specs=nano.specs -mfloat-abi=soft -mthumb -o "Startup/startup_stm32f103c8tx.o" "../Startup/startup_stm32f103c8tx.s"
arm-none-eabi-gcc "../Src/main.c" -mcpu=cortex-m3 -std=gnu11 -g3 -DDEBUG -DSTM32 -DSTM32F1 -DSTM32F103C8Tx -c -I../Inc -O0 -ffunction-sections -fdata-sections -Wall -fstack-usage -fcyclomatic-complexity -MMD -MP -MF"Src/main.d" -MT"Src/main.o" --specs=nano.specs -mfloat-abi=soft -mthumb -o "Src/main.o"
arm-none-eabi-gcc "../Src/syscalls.c" -mcpu=cortex-m3 -std=gnu11 -g3 -DDEBUG -DSTM32 -DSTM32F1 -DSTM32F103C8Tx -c -I../Inc -O0 -ffunction-sections -fdata-sections -Wall -fstack-usage -fcyclomatic-complexity -MMD -MP -MF"Src/syscalls.d" -MT"Src/syscalls.o" --specs=nano.specs -mfloat-abi=soft -mthumb -o "Src/syscalls.o"
arm-none-eabi-gcc "../Src/sysmem.c" -mcpu=cortex-m3 -std=gnu11 -g3 -DDEBUG -DSTM32 -DSTM32F1 -DSTM32F103C8Tx -c -I../Inc -O0 -ffunction-sections -fdata-sections -Wall -fstack-usage -fcyclomatic-complexity -MMD -MP -MF"Src/sysmem.d" -MT"Src/sysmem.o" --specs=nano.specs -mfloat-abi=soft -mthumb -o "Src/sysmem.o"
arm-none-eabi-gcc -o "runrun.elf" @"objects.list"   -mcpu=cortex-m3 -T"C:\Users\Lenovo\Desktop\embedding\runrun\STM32F103C8TX_FLASH.ld" --specs=nosys.specs -Wl,-Map="runrun.map" -Wl,--gc-sections -static --specs=nano.specs -mfloat-abi=soft -mthumb -Wl,--start-group -lc -lm -Wl,--end-group
Finished building target: runrun.elf
 
arm-none-eabi-size  runrun.elf 
arm-none-eabi-objdump -h -S runrun.elf  > "runrun.list"
   text	   data	    bss	    dec	    hex	filename
    564	      0	   1568	   2132	    854	runrun.elf
Finished building: default.size.stdout
 
Finished building: runrun.list
 
18:38:25 **** Incremental Build of configuration Debug for project runrun ****
make -j16 all 
arm-none-eabi-gcc "../Src/main.c" -mcpu=cortex-m3 -std=gnu11 -g3 -DDEBUG -DSTM32 -DSTM32F1 -DSTM32F103C8Tx -c -I../Inc -O0 -ffunction-sections -fdata-sections -Wall -fstack-usage -fcyclomatic-complexity -MMD -MP -MF"Src/main.d" -MT"Src/main.o" --specs=nano.specs -mfloat-abi=soft -mthumb -o "Src/main.o"
arm-none-eabi-gcc -o "runrun.elf" @"objects.list"   -mcpu=cortex-m3 -T"C:\Users\Lenovo\Desktop\embedding\runrun\STM32F103C8TX_FLASH.ld" --specs=nosys.specs -Wl,-Map="runrun.map" -Wl,--gc-sections -static --specs=nano.specs -mfloat-abi=soft -mthumb -Wl,--start-group -lc -lm -Wl,--end-group
Finished building target: runrun.elf
 
arm-none-eabi-size  runrun.elf 
arm-none-eabi-objdump -h -S runrun.elf  > "runrun.list"
   text	   data	    bss	    dec	    hex	filename
    820	      0	   1568	   2388	    954	runrun.elf
Finished building: default.size.stdout
 
Finished building: runrun.list
 
18:53:36 **** Incremental Build of configuration Debug for project runrun ****
make -j16 all 
arm-none-eabi-gcc "../Src/main.c" -mcpu=cortex-m3 -std=gnu11 -g3 -DDEBUG -DSTM32 -DSTM32F1 -DSTM32F103C8Tx -c -I../Inc -I"C:/Users/Lenovo/Desktop/embedding/runrun/cmsis-device-f1/Include" -O0 -ffunction-sections -fdata-sections -Wall -fstack-usage -fcyclomatic-complexity -MMD -MP -MF"Src/main.d" -MT"Src/main.o" --specs=nano.specs -mfloat-abi=soft -mthumb -o "Src/main.o"
arm-none-eabi-gcc "../Src/syscalls.c" -mcpu=cortex-m3 -std=gnu11 -g3 -DDEBUG -DSTM32 -DSTM32F1 -DSTM32F103C8Tx -c -I../Inc -I"C:/Users/Lenovo/Desktop/embedding/runrun/cmsis-device-f1/Include" -O0 -ffunction-sections -fdata-sections -Wall -fstack-usage -fcyclomatic-complexity -MMD -MP -MF"Src/syscalls.d" -MT"Src/syscalls.o" --specs=nano.specs -mfloat-abi=soft -mthumb -o "Src/syscalls.o"
arm-none-eabi-gcc "../Src/sysmem.c" -mcpu=cortex-m3 -std=gnu11 -g3 -DDEBUG -DSTM32 -DSTM32F1 -DSTM32F103C8Tx -c -I../Inc -I"C:/Users/Lenovo/Desktop/embedding/runrun/cmsis-device-f1/Include" -O0 -ffunction-sections -fdata-sections -Wall -fstack-usage -fcyclomatic-complexity -MMD -MP -MF"Src/sysmem.d" -MT"Src/sysmem.o" --specs=nano.specs -mfloat-abi=soft -mthumb -o "Src/sysmem.o"
In file included from ../Src/main.c:1:
C:/Users/Lenovo/Desktop/embedding/runrun/cmsis-device-f1/Include/stm32f103xb.h:131:10: fatal error: core_cm3.h: No such file or directory
  131 | #include "core_cm3.h"
      |          ^~~~~~~~~~~~
compilation terminated.
make: *** [Src/subdir.mk:25: Src/main.o] Error 1
make: *** Waiting for unfinished jobs....
"make -j16 all" terminated with exit code 2. Build might be incomplete.
18:56:43 **** Incremental Build of configuration Debug for project runrun ****
make -j16 all 
arm-none-eabi-gcc "../Src/main.c" -mcpu=cortex-m3 -std=gnu11 -g3 -DDEBUG -DSTM32 -DSTM32F1 -DSTM32F103C8Tx -c -I../Inc -IC:/Users/Lenovo/Desktop/embedding/runrun/STM32CubeF1/Drivers/CMSIS/Device/ST/STM32F1xx/cmsis-device-f1/Include -O0 -ffunction-sections -fdata-sections -Wall -fstack-usage -fcyclomatic-complexity -MMD -MP -MF"Src/main.d" -MT"Src/main.o" --specs=nano.specs -mfloat-abi=soft -mthumb -o "Src/main.o"
arm-none-eabi-gcc "../Src/syscalls.c" -mcpu=cortex-m3 -std=gnu11 -g3 -DDEBUG -DSTM32 -DSTM32F1 -DSTM32F103C8Tx -c -I../Inc -IC:/Users/Lenovo/Desktop/embedding/runrun/STM32CubeF1/Drivers/CMSIS/Device/ST/STM32F1xx/cmsis-device-f1/Include -O0 -ffunction-sections -fdata-sections -Wall -fstack-usage -fcyclomatic-complexity -MMD -MP -MF"Src/syscalls.d" -MT"Src/syscalls.o" --specs=nano.specs -mfloat-abi=soft -mthumb -o "Src/syscalls.o"
arm-none-eabi-gcc "../Src/sysmem.c" -mcpu=cortex-m3 -std=gnu11 -g3 -DDEBUG -DSTM32 -DSTM32F1 -DSTM32F103C8Tx -c -I../Inc -IC:/Users/Lenovo/Desktop/embedding/runrun/STM32CubeF1/Drivers/CMSIS/Device/ST/STM32F1xx/cmsis-device-f1/Include -O0 -ffunction-sections -fdata-sections -Wall -fstack-usage -fcyclomatic-complexity -MMD -MP -MF"Src/sysmem.d" -MT"Src/sysmem.o" --specs=nano.specs -mfloat-abi=soft -mthumb -o "Src/sysmem.o"
In file included from ../Src/main.c:1:
C:/Users/Lenovo/Desktop/embedding/runrun/STM32CubeF1/Drivers/CMSIS/Device/ST/STM32F1xx/cmsis-device-f1/Include/stm32f103xb.h:131:10: fatal error: core_cm3.h: No such file or directory
  131 | #include "core_cm3.h"
      |          ^~~~~~~~~~~~
compilation terminated.
make: *** [Src/subdir.mk:25: Src/main.o] Error 1
make: *** Waiting for unfinished jobs....
"make -j16 all" terminated with exit code 2. Build might be incomplete.
18:58:35 **** Incremental Build of configuration Debug for project runrun ****
make -j16 all 
arm-none-eabi-gcc "../Src/main.c" -mcpu=cortex-m3 -std=gnu11 -g3 -DDEBUG -DSTM32 -DSTM32F1 -DSTM32F103C8Tx -c -I../Inc -I"C:/Users/Lenovo/Desktop/embedding/runrun/STM32CubeF1/Drivers/CMSIS/Include" -IC:/Users/Lenovo/Desktop/embedding/runrun/STM32CubeF1/Drivers/CMSIS/Device/ST/STM32F1xx/Include -O0 -ffunction-sections -fdata-sections -Wall -fstack-usage -fcyclomatic-complexity -MMD -MP -MF"Src/main.d" -MT"Src/main.o" --specs=nano.specs -mfloat-abi=soft -mthumb -o "Src/main.o"
arm-none-eabi-gcc "../Src/syscalls.c" -mcpu=cortex-m3 -std=gnu11 -g3 -DDEBUG -DSTM32 -DSTM32F1 -DSTM32F103C8Tx -c -I../Inc -I"C:/Users/Lenovo/Desktop/embedding/runrun/STM32CubeF1/Drivers/CMSIS/Include" -IC:/Users/Lenovo/Desktop/embedding/runrun/STM32CubeF1/Drivers/CMSIS/Device/ST/STM32F1xx/Include -O0 -ffunction-sections -fdata-sections -Wall -fstack-usage -fcyclomatic-complexity -MMD -MP -MF"Src/syscalls.d" -MT"Src/syscalls.o" --specs=nano.specs -mfloat-abi=soft -mthumb -o "Src/syscalls.o"
arm-none-eabi-gcc "../Src/sysmem.c" -mcpu=cortex-m3 -std=gnu11 -g3 -DDEBUG -DSTM32 -DSTM32F1 -DSTM32F103C8Tx -c -I../Inc -I"C:/Users/Lenovo/Desktop/embedding/runrun/STM32CubeF1/Drivers/CMSIS/Include" -IC:/Users/Lenovo/Desktop/embedding/runrun/STM32CubeF1/Drivers/CMSIS/Device/ST/STM32F1xx/Include -O0 -ffunction-sections -fdata-sections -Wall -fstack-usage -fcyclomatic-complexity -MMD -MP -MF"Src/sysmem.d" -MT"Src/sysmem.o" --specs=nano.specs -mfloat-abi=soft -mthumb -o "Src/sysmem.o"
../Src/main.c: In function 'master':
../Src/main.c:83:13: warning: implicit declaration of function 'LED_Init' [-Wimplicit-function-declaration]
   83 |             LED_Init();
      |             ^~~~~~~~
../Src/main.c:88:17: warning: implicit declaration of function 'SPI1_Transmit' [-Wimplicit-function-declaration]
   88 |                 SPI1_Transmit(1);
      |                 ^~~~~~~~~~~~~
../Src/main.c: At top level:
../Src/main.c:95:6: warning: conflicting types for 'LED_Init'; have 'void(void)'
   95 | void LED_Init(void) {
      |      ^~~~~~~~
../Src/main.c:83:13: note: previous implicit declaration of 'LED_Init' with type 'void(void)'
   83 |             LED_Init();
      |             ^~~~~~~~
../Src/main.c:101:6: warning: conflicting types for 'SPI1_Transmit'; have 'void(uint8_t)' {aka 'void(unsigned char)'}
  101 | void SPI1_Transmit(uint8_t data) {
      |      ^~~~~~~~~~~~~
../Src/main.c:88:17: note: previous implicit declaration of 'SPI1_Transmit' with type 'void(uint8_t)' {aka 'void(unsigned char)'}
   88 |                 SPI1_Transmit(1);
      |                 ^~~~~~~~~~~~~
arm-none-eabi-gcc -o "runrun.elf" @"objects.list"   -mcpu=cortex-m3 -T"C:\Users\Lenovo\Desktop\embedding\runrun\STM32F103C8TX_FLASH.ld" --specs=nosys.specs -Wl,-Map="runrun.map" -Wl,--gc-sections -static --specs=nano.specs -mfloat-abi=soft -mthumb -Wl,--start-group -lc -lm -Wl,--end-group
Finished building target: runrun.elf
 
arm-none-eabi-size  runrun.elf 
arm-none-eabi-objdump -h -S runrun.elf  > "runrun.list"
   text	   data	    bss	    dec	    hex	filename
    572	      0	   1568	   2140	    85c	runrun.elf
Finished building: default.size.stdout
 
Finished building: runrun.list
 
18:59:45 **** Incremental Build of configuration Debug for project runrun ****
make -j16 all 
arm-none-eabi-gcc -o "runrun.elf" @"objects.list"   -mcpu=cortex-m3 -T"C:\Users\Lenovo\Desktop\embedding\runrun\STM32F103C8TX_FLASH.ld" --specs=nosys.specs -Wl,-Map="runrun.map" -Wl,--gc-sections -static --specs=nano.specs -mfloat-abi=soft -mthumb -Wl,--start-group -lc -lm -Wl,--end-group
Finished building target: runrun.elf
 
arm-none-eabi-size  runrun.elf 
arm-none-eabi-objdump -h -S runrun.elf  > "runrun.list"
   text	   data	    bss	    dec	    hex	filename
    572	      0	   1568	   2140	    85c	runrun.elf
arm-none-eabi-objcopy  -O binary runrun.elf  "runrun.bin"
Finished building: default.size.stdout
 
Finished building: runrun.list
 
Finished building: runrun.bin
 
19:00:02 **** Incremental Build of configuration Debug for project runrun ****
make -j16 all 
arm-none-eabi-gcc "../Src/main.c" -mcpu=cortex-m3 -std=gnu11 -g3 -DDEBUG -DSTM32 -DSTM32F1 -DSTM32F103C8Tx -c -I../Inc -I"C:/Users/Lenovo/Desktop/embedding/runrun/STM32CubeF1/Drivers/CMSIS/Include" -IC:/Users/Lenovo/Desktop/embedding/runrun/STM32CubeF1/Drivers/CMSIS/Device/ST/STM32F1xx/Include -O0 -ffunction-sections -fdata-sections -Wall -fstack-usage -fcyclomatic-complexity -MMD -MP -MF"Src/main.d" -MT"Src/main.o" --specs=nano.specs -mfloat-abi=soft -mthumb -o "Src/main.o"
../Src/main.c: In function 'master':
../Src/main.c:83:13: warning: implicit declaration of function 'LED_Init' [-Wimplicit-function-declaration]
   83 |             LED_Init();
      |             ^~~~~~~~
../Src/main.c:88:17: warning: implicit declaration of function 'SPI1_Transmit' [-Wimplicit-function-declaration]
   88 |                 SPI1_Transmit(1);
      |                 ^~~~~~~~~~~~~
../Src/main.c: At top level:
../Src/main.c:95:6: warning: conflicting types for 'LED_Init'; have 'void(void)'
   95 | void LED_Init(void) {
      |      ^~~~~~~~
../Src/main.c:83:13: note: previous implicit declaration of 'LED_Init' with type 'void(void)'
   83 |             LED_Init();
      |             ^~~~~~~~
../Src/main.c:101:6: warning: conflicting types for 'SPI1_Transmit'; have 'void(uint8_t)' {aka 'void(unsigned char)'}
  101 | void SPI1_Transmit(uint8_t data) {
      |      ^~~~~~~~~~~~~
../Src/main.c:88:17: note: previous implicit declaration of 'SPI1_Transmit' with type 'void(uint8_t)' {aka 'void(unsigned char)'}
   88 |                 SPI1_Transmit(1);
      |                 ^~~~~~~~~~~~~
arm-none-eabi-gcc -o "runrun.elf" @"objects.list"   -mcpu=cortex-m3 -T"C:\Users\Lenovo\Desktop\embedding\runrun\STM32F103C8TX_FLASH.ld" --specs=nosys.specs -Wl,-Map="runrun.map" -Wl,--gc-sections -static --specs=nano.specs -mfloat-abi=soft -mthumb -Wl,--start-group -lc -lm -Wl,--end-group
Finished building target: runrun.elf
 
arm-none-eabi-size  runrun.elf 
arm-none-eabi-objdump -h -S runrun.elf  > "runrun.list"
   text	   data	    bss	    dec	    hex	filename
    976	      0	   1568	   2544	    9f0	runrun.elf
arm-none-eabi-objcopy  -O binary runrun.elf  "runrun.bin"
Finished building: default.size.stdout
 
Finished building: runrun.list
Finished building: runrun.bin
 
 
19:06:26 **** Incremental Build of configuration Debug for project runrun ****
make -j16 all 
arm-none-eabi-gcc "../Src/main.c" -mcpu=cortex-m3 -std=gnu11 -g3 -DDEBUG -DSTM32 -DSTM32F1 -DSTM32F103C8Tx -c -I../Inc -I"C:/Users/Lenovo/Desktop/embedding/runrun/STM32CubeF1/Drivers/CMSIS/Include" -IC:/Users/Lenovo/Desktop/embedding/runrun/STM32CubeF1/Drivers/CMSIS/Device/ST/STM32F1xx/Include -O0 -ffunction-sections -fdata-sections -Wall -fstack-usage -fcyclomatic-complexity -MMD -MP -MF"Src/main.d" -MT"Src/main.o" --specs=nano.specs -mfloat-abi=soft -mthumb -o "Src/main.o"
../Src/main.c: In function 'master':
../Src/main.c:83:13: warning: implicit declaration of function 'LED_Init' [-Wimplicit-function-declaration]
   83 |             LED_Init();
      |             ^~~~~~~~
../Src/main.c:88:17: warning: implicit declaration of function 'SPI1_Transmit' [-Wimplicit-function-declaration]
   88 |                 SPI1_Transmit(1);
      |                 ^~~~~~~~~~~~~
../Src/main.c: At top level:
../Src/main.c:95:6: warning: conflicting types for 'LED_Init'; have 'void(void)'
   95 | void LED_Init(void) {
      |      ^~~~~~~~
../Src/main.c:83:13: note: previous implicit declaration of 'LED_Init' with type 'void(void)'
   83 |             LED_Init();
      |             ^~~~~~~~
../Src/main.c:101:6: warning: conflicting types for 'SPI1_Transmit'; have 'void(uint8_t)' {aka 'void(unsigned char)'}
  101 | void SPI1_Transmit(uint8_t data) {
      |      ^~~~~~~~~~~~~
../Src/main.c:88:17: note: previous implicit declaration of 'SPI1_Transmit' with type 'void(uint8_t)' {aka 'void(unsigned char)'}
   88 |                 SPI1_Transmit(1);
      |                 ^~~~~~~~~~~~~
arm-none-eabi-gcc -o "runrun.elf" @"objects.list"   -mcpu=cortex-m3 -T"C:\Users\Lenovo\Desktop\embedding\runrun\STM32F103C8TX_FLASH.ld" --specs=nosys.specs -Wl,-Map="runrun.map" -Wl,--gc-sections -static --specs=nano.specs -mfloat-abi=soft -mthumb -Wl,--start-group -lc -lm -Wl,--end-group
Finished building target: runrun.elf
 
arm-none-eabi-size  runrun.elf 
arm-none-eabi-objdump -h -S runrun.elf  > "runrun.list"
   text	   data	    bss	    dec	    hex	filename
   1408	      0	   1568	   2976	    ba0	runrun.elf
arm-none-eabi-objcopy  -O binary runrun.elf  "runrun.bin"
Finished building: default.size.stdout
 
Finished building: runrun.bin
Finished building: runrun.list
 
 
19:15:24 **** Incremental Build of configuration Debug for project runrun ****
make -j16 all 
arm-none-eabi-gcc "../Src/main.c" -mcpu=cortex-m3 -std=gnu11 -g3 -DDEBUG -DSTM32 -DSTM32F1 -DSTM32F103C8Tx -c -I../Inc -I"C:/Users/Lenovo/Desktop/embedding/runrun/STM32CubeF1/Drivers/CMSIS/Include" -IC:/Users/Lenovo/Desktop/embedding/runrun/STM32CubeF1/Drivers/CMSIS/Device/ST/STM32F1xx/Include -O0 -ffunction-sections -fdata-sections -Wall -fstack-usage -fcyclomatic-complexity -MMD -MP -MF"Src/main.d" -MT"Src/main.o" --specs=nano.specs -mfloat-abi=soft -mthumb -o "Src/main.o"
arm-none-eabi-gcc -o "runrun.elf" @"objects.list"   -mcpu=cortex-m3 -T"C:\Users\Lenovo\Desktop\embedding\runrun\STM32F103C8TX_FLASH.ld" --specs=nosys.specs -Wl,-Map="runrun.map" -Wl,--gc-sections -static --specs=nano.specs -mfloat-abi=soft -mthumb -Wl,--start-group -lc -lm -Wl,--end-group
Finished building target: runrun.elf
 
arm-none-eabi-size  runrun.elf 
arm-none-eabi-objdump -h -S runrun.elf  > "runrun.list"
   text	   data	    bss	    dec	    hex	filename
   1308	      0	   1568	   2876	    b3c	runrun.elf
arm-none-eabi-objcopy  -O binary runrun.elf  "runrun.bin"
Finished building: default.size.stdout
 
Finished building: runrun.list
Finished building: runrun.bin
 
 
19:15:44 **** Incremental Build of configuration Debug for project runrun ****
make -j16 all 
arm-none-eabi-size  runrun.elf 
   text	   data	    bss	    dec	    hex	filename
   1308	      0	   1568	   2876	    b3c	runrun.elf
Finished building: default.size.stdout
 
19:16:43 **** Incremental Build of configuration Debug for project runrun ****
make -j16 all 
arm-none-eabi-size  runrun.elf 
   text	   data	    bss	    dec	    hex	filename
   1308	      0	   1568	   2876	    b3c	runrun.elf
Finished building: default.size.stdout
 
19:18:57 **** Incremental Build of configuration Debug for project runrun ****
make -j16 all 
arm-none-eabi-gcc "../Src/main.c" -mcpu=cortex-m3 -std=gnu11 -g3 -DDEBUG -DSTM32 -DSTM32F1 -DSTM32F103C8Tx -c -I../Inc -I"C:/Users/Lenovo/Desktop/embedding/runrun/STM32CubeF1/Drivers/CMSIS/Include" -IC:/Users/Lenovo/Desktop/embedding/runrun/STM32CubeF1/Drivers/CMSIS/Device/ST/STM32F1xx/Include -O0 -ffunction-sections -fdata-sections -Wall -fstack-usage -fcyclomatic-complexity -MMD -MP -MF"Src/main.d" -MT"Src/main.o" --specs=nano.specs -mfloat-abi=soft -mthumb -o "Src/main.o"
arm-none-eabi-gcc -o "runrun.elf" @"objects.list"   -mcpu=cortex-m3 -T"C:\Users\Lenovo\Desktop\embedding\runrun\STM32F103C8TX_FLASH.ld" --specs=nosys.specs -Wl,-Map="runrun.map" -Wl,--gc-sections -static --specs=nano.specs -mfloat-abi=soft -mthumb -Wl,--start-group -lc -lm -Wl,--end-group
Finished building target: runrun.elf
 
arm-none-eabi-size  runrun.elf 
arm-none-eabi-objdump -h -S runrun.elf  > "runrun.list"
   text	   data	    bss	    dec	    hex	filename
   1312	      0	   1576	   2888	    b48	runrun.elf
arm-none-eabi-objcopy  -O binary runrun.elf  "runrun.bin"
Finished building: default.size.stdout
 
Finished building: runrun.list
Finished building: runrun.bin
 
 
19:20:54 **** Incremental Build of configuration Debug for project runrun ****
make -j16 all 
arm-none-eabi-size  runrun.elf 
   text	   data	    bss	    dec	    hex	filename
   1312	      0	   1576	   2888	    b48	runrun.elf
Finished building: default.size.stdout
 
19:31:58 **** Incremental Build of configuration Debug for project runrun ****
make -j16 all 
arm-none-eabi-gcc "../Src/main.c" -mcpu=cortex-m3 -std=gnu11 -g3 -DDEBUG -DSTM32 -DSTM32F1 -DSTM32F103C8Tx -c -I../Inc -I"C:/Users/Lenovo/Desktop/embedding/runrun/STM32CubeF1/Drivers/CMSIS/Include" -IC:/Users/Lenovo/Desktop/embedding/runrun/STM32CubeF1/Drivers/CMSIS/Device/ST/STM32F1xx/Include -O0 -ffunction-sections -fdata-sections -Wall -fstack-usage -fcyclomatic-complexity -MMD -MP -MF"Src/main.d" -MT"Src/main.o" --specs=nano.specs -mfloat-abi=soft -mthumb -o "Src/main.o"
arm-none-eabi-gcc -o "runrun.elf" @"objects.list"   -mcpu=cortex-m3 -T"C:\Users\Lenovo\Desktop\embedding\runrun\STM32F103C8TX_FLASH.ld" --specs=nosys.specs -Wl,-Map="runrun.map" -Wl,--gc-sections -static --specs=nano.specs -mfloat-abi=soft -mthumb -Wl,--start-group -lc -lm -Wl,--end-group
Finished building target: runrun.elf
 
arm-none-eabi-size  runrun.elf 
arm-none-eabi-objdump -h -S runrun.elf  > "runrun.list"
   text	   data	    bss	    dec	    hex	filename
    900	      0	   1584	   2484	    9b4	runrun.elf
arm-none-eabi-objcopy  -O binary runrun.elf  "runrun.bin"
Finished building: default.size.stdout
 
Finished building: runrun.list
Finished building: runrun.bin
 
 
19:32:36 **** Incremental Build of configuration Debug for project runrun ****
make -j16 all 
arm-none-eabi-size  runrun.elf 
   text	   data	    bss	    dec	    hex	filename
    900	      0	   1584	   2484	    9b4	runrun.elf
Finished building: default.size.stdout
 
19:38:33 **** Incremental Build of configuration Debug for project runrun ****
make -j16 all 
arm-none-eabi-size  runrun.elf 
   text	   data	    bss	    dec	    hex	filename
    900	      0	   1584	   2484	    9b4	runrun.elf
Finished building: default.size.stdout
 
19:40:51 **** Incremental Build of configuration Debug for project runrun ****
make -j16 all 
arm-none-eabi-gcc "../Src/main.c" -mcpu=cortex-m3 -std=gnu11 -g3 -DDEBUG -DSTM32 -DSTM32F1 -DSTM32F103C8Tx -c -I../Inc -I"C:/Users/Lenovo/Desktop/embedding/runrun/STM32CubeF1/Drivers/CMSIS/Include" -IC:/Users/Lenovo/Desktop/embedding/runrun/STM32CubeF1/Drivers/CMSIS/Device/ST/STM32F1xx/Include -O0 -ffunction-sections -fdata-sections -Wall -fstack-usage -fcyclomatic-complexity -MMD -MP -MF"Src/main.d" -MT"Src/main.o" --specs=nano.specs -mfloat-abi=soft -mthumb -o "Src/main.o"
arm-none-eabi-gcc -o "runrun.elf" @"objects.list"   -mcpu=cortex-m3 -T"C:\Users\Lenovo\Desktop\embedding\runrun\STM32F103C8TX_FLASH.ld" --specs=nosys.specs -Wl,-Map="runrun.map" -Wl,--gc-sections -static --specs=nano.specs -mfloat-abi=soft -mthumb -Wl,--start-group -lc -lm -Wl,--end-group
Finished building target: runrun.elf
 
arm-none-eabi-size  runrun.elf 
arm-none-eabi-objdump -h -S runrun.elf  > "runrun.list"
   text	   data	    bss	    dec	    hex	filename
    868	      0	   1584	   2452	    994	runrun.elf
arm-none-eabi-objcopy  -O binary runrun.elf  "runrun.bin"
Finished building: default.size.stdout
 
Finished building: runrun.bin
Finished building: runrun.list
 
 
19:41:04 **** Incremental Build of configuration Debug for project runrun ****
make -j16 all 
arm-none-eabi-size  runrun.elf 
   text	   data	    bss	    dec	    hex	filename
    868	      0	   1584	   2452	    994	runrun.elf
Finished building: default.size.stdout
 
19:42:00 **** Incremental Build of configuration Debug for project runrun ****
make -j16 all 
arm-none-eabi-size  runrun.elf 
   text	   data	    bss	    dec	    hex	filename
    868	      0	   1584	   2452	    994	runrun.elf
Finished building: default.size.stdout
 
19:47:36 **** Incremental Build of configuration Debug for project runrun ****
make -j16 all 
arm-none-eabi-gcc "../Src/main.c" -mcpu=cortex-m3 -std=gnu11 -g3 -DDEBUG -DSTM32 -DSTM32F1 -DSTM32F103C8Tx -c -I../Inc -I"C:/Users/Lenovo/Desktop/embedding/runrun/STM32CubeF1/Drivers/CMSIS/Include" -IC:/Users/Lenovo/Desktop/embedding/runrun/STM32CubeF1/Drivers/CMSIS/Device/ST/STM32F1xx/Include -O0 -ffunction-sections -fdata-sections -Wall -fstack-usage -fcyclomatic-complexity -MMD -MP -MF"Src/main.d" -MT"Src/main.o" --specs=nano.specs -mfloat-abi=soft -mthumb -o "Src/main.o"
In file included from ../Src/main.c:1:
C:/Users/Lenovo/Desktop/embedding/runrun/STM32CubeF1/Drivers/CMSIS/Device/ST/STM32F1xx/Include/stm32f1xx.h:140:3: error: #error "Please select first the target STM32F1xx device used in your application (in stm32f1xx.h file)"
  140 |  #error "Please select first the target STM32F1xx device used in your application (in stm32f1xx.h file)"
      |   ^~~~~
../Src/main.c: In function 'ADC1_Init':
../Src/main.c:6:5: error: 'RCC' undeclared (first use in this function)
    6 |     RCC->APB2ENR |= RCC_APB2ENR_IOPAEN | RCC_APB2ENR_ADC1EN;
      |     ^~~
../Src/main.c:6:5: note: each undeclared identifier is reported only once for each function it appears in
../Src/main.c:6:21: error: 'RCC_APB2ENR_IOPAEN' undeclared (first use in this function)
    6 |     RCC->APB2ENR |= RCC_APB2ENR_IOPAEN | RCC_APB2ENR_ADC1EN;
      |                     ^~~~~~~~~~~~~~~~~~
../Src/main.c:6:42: error: 'RCC_APB2ENR_ADC1EN' undeclared (first use in this function)
    6 |     RCC->APB2ENR |= RCC_APB2ENR_IOPAEN | RCC_APB2ENR_ADC1EN;
      |                                          ^~~~~~~~~~~~~~~~~~
../Src/main.c:8:5: error: 'GPIOA' undeclared (first use in this function)
    8 |     GPIOA->CRL &= ~(0xF << 0);
      |     ^~~~~
../Src/main.c:9:18: error: 'RCC_CFGR_ADCPRE_DIV6' undeclared (first use in this function)
    9 |     RCC->CFGR |= RCC_CFGR_ADCPRE_DIV6;
      |                  ^~~~~~~~~~~~~~~~~~~~
../Src/main.c:11:5: error: 'ADC1' undeclared (first use in this function)
   11 |     ADC1->SMPR2 |= (7 << 0);
      |     ^~~~
../Src/main.c:12:18: error: 'ADC_CR2_ADON' undeclared (first use in this function)
   12 |     ADC1->CR2 |= ADC_CR2_ADON;
      |                  ^~~~~~~~~~~~
../Src/main.c:15:18: error: 'ADC_CR2_CAL' undeclared (first use in this function)
   15 |     ADC1->CR2 |= ADC_CR2_CAL;
      |                  ^~~~~~~~~~~
../Src/main.c: At top level:
../Src/main.c:19:1: error: unknown type name 'uint16_t'
   19 | uint16_t ADC1_Read(void)
      | ^~~~~~~~
../Src/main.c:2:1: note: 'uint16_t' is defined in header '<stdint.h>'; did you forget to '#include <stdint.h>'?
    1 | #include "stm32f1xx.h"
  +++ |+#include <stdint.h>
    2 | 
../Src/main.c: In function 'ADC1_Read':
../Src/main.c:21:5: error: 'ADC1' undeclared (first use in this function)
   21 |     ADC1->SQR3 = 0;
      |     ^~~~
../Src/main.c:22:18: error: 'ADC_CR2_ADON' undeclared (first use in this function)
   22 |     ADC1->CR2 |= ADC_CR2_ADON;
      |                  ^~~~~~~~~~~~
../Src/main.c:24:25: error: 'ADC_SR_EOC' undeclared (first use in this function)
   24 |     while (!(ADC1->SR & ADC_SR_EOC));
      |                         ^~~~~~~~~~
../Src/main.c: In function 'PWM_TIM3_Init':
../Src/main.c:30:5: error: 'RCC' undeclared (first use in this function)
   30 |     RCC->APB2ENR |= RCC_APB2ENR_IOPAEN;
      |     ^~~
../Src/main.c:30:21: error: 'RCC_APB2ENR_IOPAEN' undeclared (first use in this function)
   30 |     RCC->APB2ENR |= RCC_APB2ENR_IOPAEN;
      |                     ^~~~~~~~~~~~~~~~~~
../Src/main.c:31:21: error: 'RCC_APB1ENR_TIM3EN' undeclared (first use in this function)
   31 |     RCC->APB1ENR |= RCC_APB1ENR_TIM3EN;
      |                     ^~~~~~~~~~~~~~~~~~
../Src/main.c:33:5: error: 'GPIOA' undeclared (first use in this function)
   33 |     GPIOA->CRL &= ~(0xF << 24);
      |     ^~~~~
../Src/main.c:36:5: error: 'TIM3' undeclared (first use in this function)
   36 |     TIM3->PSC = 72 - 1;
      |     ^~~~
../Src/main.c:41:19: error: 'TIM_CCER_CC1E' undeclared (first use in this function)
   41 |     TIM3->CCER |= TIM_CCER_CC1E;
      |                   ^~~~~~~~~~~~~
../Src/main.c:42:18: error: 'TIM_CR1_CEN' undeclared (first use in this function)
   42 |     TIM3->CR1 |= TIM_CR1_CEN;
      |                  ^~~~~~~~~~~
../Src/main.c: At top level:
../Src/main.c:45:18: error: unknown type name 'uint16_t'
   45 | void PWM_SetDuty(uint16_t duty)
      |                  ^~~~~~~~
../Src/main.c:45:18: note: 'uint16_t' is defined in header '<stdint.h>'; did you forget to '#include <stdint.h>'?
../Src/main.c:51:20: error: unknown type name 'uint32_t'
   51 | void TIM2_Delay_ms(uint32_t ms)
      |                    ^~~~~~~~
../Src/main.c:51:20: note: 'uint32_t' is defined in header '<stdint.h>'; did you forget to '#include <stdint.h>'?
../Src/main.c: In function 'main':
../Src/main.c:74:5: error: unknown type name 'uint16_t'
   74 |     uint16_t adc_val = 0;
      |     ^~~~~~~~
../Src/main.c:74:5: note: 'uint16_t' is defined in header '<stdint.h>'; did you forget to '#include <stdint.h>'?
../Src/main.c:78:9: error: unknown type name 'uint16_t'
   78 |         uint16_t duty = (uint16_t)((adc_val * 1000) / 4095);
      |         ^~~~~~~~
../Src/main.c:78:9: note: 'uint16_t' is defined in header '<stdint.h>'; did you forget to '#include <stdint.h>'?
../Src/main.c:78:26: error: 'uint16_t' undeclared (first use in this function)
   78 |         uint16_t duty = (uint16_t)((adc_val * 1000) / 4095);
      |                          ^~~~~~~~
../Src/main.c:78:26: note: 'uint16_t' is defined in header '<stdint.h>'; did you forget to '#include <stdint.h>'?
../Src/main.c:79:9: warning: implicit declaration of function 'PWM_SetDuty' [-Wimplicit-function-declaration]
   79 |         PWM_SetDuty(duty);
      |         ^~~~~~~~~~~
../Src/main.c:80:9: warning: implicit declaration of function 'TIM2_Delay_ms' [-Wimplicit-function-declaration]
   80 |         TIM2_Delay_ms(50);
      |         ^~~~~~~~~~~~~
../Src/main.c: In function 'ADC1_Read':
../Src/main.c:26:1: warning: control reaches end of non-void function [-Wreturn-type]
   26 | }
      | ^
make: *** [Src/subdir.mk:25: Src/main.o] Error 1
"make -j16 all" terminated with exit code 2. Build might be incomplete.
19:48:09 **** Incremental Build of configuration Debug for project runrun ****
make -j16 all 
arm-none-eabi-gcc "../Src/main.c" -mcpu=cortex-m3 -std=gnu11 -g3 -DDEBUG -DSTM32 -DSTM32F1 -DSTM32F103C8Tx -c -I../Inc -I"C:/Users/Lenovo/Desktop/embedding/runrun/STM32CubeF1/Drivers/CMSIS/Include" -IC:/Users/Lenovo/Desktop/embedding/runrun/STM32CubeF1/Drivers/CMSIS/Device/ST/STM32F1xx/Include -O0 -ffunction-sections -fdata-sections -Wall -fstack-usage -fcyclomatic-complexity -MMD -MP -MF"Src/main.d" -MT"Src/main.o" --specs=nano.specs -mfloat-abi=soft -mthumb -o "Src/main.o"
In file included from ../Src/main.c:3:
C:/Users/Lenovo/Desktop/embedding/runrun/STM32CubeF1/Drivers/CMSIS/Device/ST/STM32F1xx/Include/stm32f1xx.h:140:3: error: #error "Please select first the target STM32F1xx device used in your application (in stm32f1xx.h file)"
  140 |  #error "Please select first the target STM32F1xx device used in your application (in stm32f1xx.h file)"
      |   ^~~~~
make: *** [Src/subdir.mk:25: Src/main.o] Error 1
"make -j16 all" terminated with exit code 2. Build might be incomplete.
19:48:25 **** Incremental Build of configuration Debug for project runrun ****
make -j16 all 
arm-none-eabi-gcc "../Src/main.c" -mcpu=cortex-m3 -std=gnu11 -g3 -DDEBUG -DSTM32 -DSTM32F1 -DSTM32F103C8Tx -c -I../Inc -I"C:/Users/Lenovo/Desktop/embedding/runrun/STM32CubeF1/Drivers/CMSIS/Include" -IC:/Users/Lenovo/Desktop/embedding/runrun/STM32CubeF1/Drivers/CMSIS/Device/ST/STM32F1xx/Include -O0 -ffunction-sections -fdata-sections -Wall -fstack-usage -fcyclomatic-complexity -MMD -MP -MF"Src/main.d" -MT"Src/main.o" --specs=nano.specs -mfloat-abi=soft -mthumb -o "Src/main.o"
arm-none-eabi-gcc -o "runrun.elf" @"objects.list"   -mcpu=cortex-m3 -T"C:\Users\Lenovo\Desktop\embedding\runrun\STM32F103C8TX_FLASH.ld" --specs=nosys.specs -Wl,-Map="runrun.map" -Wl,--gc-sections -static --specs=nano.specs -mfloat-abi=soft -mthumb -Wl,--start-group -lc -lm -Wl,--end-group
Finished building target: runrun.elf
 
arm-none-eabi-size  runrun.elf 
arm-none-eabi-objdump -h -S runrun.elf  > "runrun.list"
   text	   data	    bss	    dec	    hex	filename
   1144	      0	   1568	   2712	    a98	runrun.elf
arm-none-eabi-objcopy  -O binary runrun.elf  "runrun.bin"
Finished building: default.size.stdout
 
Finished building: runrun.bin
Finished building: runrun.list
 
 
19:51:15 **** Incremental Build of configuration Debug for project runrun ****
make -j16 all 
arm-none-eabi-size  runrun.elf 
   text	   data	    bss	    dec	    hex	filename
   1144	      0	   1568	   2712	    a98	runrun.elf
Finished building: default.size.stdout
 
19:53:56 **** Incremental Build of configuration Debug for project runrun ****
make -j16 all 
arm-none-eabi-gcc "../Src/main.c" -mcpu=cortex-m3 -std=gnu11 -g3 -DDEBUG -DSTM32 -DSTM32F1 -DSTM32F103C8Tx -c -I../Inc -I"C:/Users/Lenovo/Desktop/embedding/runrun/STM32CubeF1/Drivers/CMSIS/Include" -IC:/Users/Lenovo/Desktop/embedding/runrun/STM32CubeF1/Drivers/CMSIS/Device/ST/STM32F1xx/Include -O0 -ffunction-sections -fdata-sections -Wall -fstack-usage -fcyclomatic-complexity -MMD -MP -MF"Src/main.d" -MT"Src/main.o" --specs=nano.specs -mfloat-abi=soft -mthumb -o "Src/main.o"
arm-none-eabi-gcc -o "runrun.elf" @"objects.list"   -mcpu=cortex-m3 -T"C:\Users\Lenovo\Desktop\embedding\runrun\STM32F103C8TX_FLASH.ld" --specs=nosys.specs -Wl,-Map="runrun.map" -Wl,--gc-sections -static --specs=nano.specs -mfloat-abi=soft -mthumb -Wl,--start-group -lc -lm -Wl,--end-group
Finished building target: runrun.elf
 
arm-none-eabi-size  runrun.elf 
arm-none-eabi-objdump -h -S runrun.elf  > "runrun.list"
   text	   data	    bss	    dec	    hex	filename
   1152	      0	   1568	   2720	    aa0	runrun.elf
arm-none-eabi-objcopy  -O binary runrun.elf  "runrun.bin"
Finished building: default.size.stdout
 
Finished building: runrun.list
Finished building: runrun.bin
 
 
19:54:12 **** Incremental Build of configuration Debug for project runrun ****
make -j16 all 
arm-none-eabi-size  runrun.elf 
   text	   data	    bss	    dec	    hex	filename
   1152	      0	   1568	   2720	    aa0	runrun.elf
Finished building: default.size.stdout
 
19:54:25 **** Incremental Build of configuration Debug for project runrun ****
make -j16 all 
arm-none-eabi-size  runrun.elf 
   text	   data	    bss	    dec	    hex	filename
   1152	      0	   1568	   2720	    aa0	runrun.elf
Finished building: default.size.stdout
 
19:54:38 **** Incremental Build of configuration Debug for project runrun ****
make -j16 all 
arm-none-eabi-size  runrun.elf 
   text	   data	    bss	    dec	    hex	filename
   1152	      0	   1568	   2720	    aa0	runrun.elf
Finished building: default.size.stdout
 
20:01:26 **** Incremental Build of configuration Debug for project runrun ****
make -j16 all 
arm-none-eabi-gcc "../Src/main.c" -mcpu=cortex-m3 -std=gnu11 -g3 -DDEBUG -DSTM32 -DSTM32F1 -DSTM32F103C8Tx -c -I../Inc -I"C:/Users/Lenovo/Desktop/embedding/runrun/STM32CubeF1/Drivers/CMSIS/Include" -IC:/Users/Lenovo/Desktop/embedding/runrun/STM32CubeF1/Drivers/CMSIS/Device/ST/STM32F1xx/Include -O0 -ffunction-sections -fdata-sections -Wall -fstack-usage -fcyclomatic-complexity -MMD -MP -MF"Src/main.d" -MT"Src/main.o" --specs=nano.specs -mfloat-abi=soft -mthumb -o "Src/main.o"
arm-none-eabi-gcc -o "runrun.elf" @"objects.list"   -mcpu=cortex-m3 -T"C:\Users\Lenovo\Desktop\embedding\runrun\STM32F103C8TX_FLASH.ld" --specs=nosys.specs -Wl,-Map="runrun.map" -Wl,--gc-sections -static --specs=nano.specs -mfloat-abi=soft -mthumb -Wl,--start-group -lc -lm -Wl,--end-group
Finished building target: runrun.elf
 
arm-none-eabi-size  runrun.elf 
arm-none-eabi-objdump -h -S runrun.elf  > "runrun.list"
   text	   data	    bss	    dec	    hex	filename
   7556	    100	   2716	  10372	   2884	runrun.elf
arm-none-eabi-objcopy  -O binary runrun.elf  "runrun.bin"
Finished building: default.size.stdout
 
Finished building: runrun.bin
Finished building: runrun.list
 
 
20:02:01 **** Incremental Build of configuration Debug for project runrun ****
make -j16 all 
arm-none-eabi-size  runrun.elf 
   text	   data	    bss	    dec	    hex	filename
   7556	    100	   2716	  10372	   2884	runrun.elf
Finished building: default.size.stdout
 
20:05:20 **** Incremental Build of configuration Debug for project runrun ****
make -j16 all 
arm-none-eabi-gcc "../Src/main.c" -mcpu=cortex-m3 -std=gnu11 -g3 -DDEBUG -DSTM32 -DSTM32F1 -DSTM32F103C8Tx -c -I../Inc -I"C:/Users/Lenovo/Desktop/embedding/runrun/STM32CubeF1/Drivers/CMSIS/Include" -IC:/Users/Lenovo/Desktop/embedding/runrun/STM32CubeF1/Drivers/CMSIS/Device/ST/STM32F1xx/Include -O0 -ffunction-sections -fdata-sections -Wall -fstack-usage -fcyclomatic-complexity -MMD -MP -MF"Src/main.d" -MT"Src/main.o" --specs=nano.specs -mfloat-abi=soft -mthumb -o "Src/main.o"
arm-none-eabi-gcc -o "runrun.elf" @"objects.list"   -mcpu=cortex-m3 -T"C:\Users\Lenovo\Desktop\embedding\runrun\STM32F103C8TX_FLASH.ld" --specs=nosys.specs -Wl,-Map="runrun.map" -Wl,--gc-sections -static --specs=nano.specs -mfloat-abi=soft -mthumb -Wl,--start-group -lc -lm -Wl,--end-group
Finished building target: runrun.elf
 
arm-none-eabi-size  runrun.elf 
arm-none-eabi-objdump -h -S runrun.elf  > "runrun.list"
   text	   data	    bss	    dec	    hex	filename
   7692	    100	   2716	  10508	   290c	runrun.elf
arm-none-eabi-objcopy  -O binary runrun.elf  "runrun.bin"
Finished building: default.size.stdout
 
Finished building: runrun.bin
 
Finished building: runrun.list
 
20:05:41 **** Incremental Build of configuration Debug for project runrun ****
make -j16 all 
arm-none-eabi-size  runrun.elf 
   text	   data	    bss	    dec	    hex	filename
   7692	    100	   2716	  10508	   290c	runrun.elf
Finished building: default.size.stdout
 
20:05:57 **** Incremental Build of configuration Debug for project runrun ****
make -j16 all 
arm-none-eabi-size  runrun.elf 
   text	   data	    bss	    dec	    hex	filename
   7692	    100	   2716	  10508	   290c	runrun.elf
Finished building: default.size.stdout
 
20:07:29 **** Incremental Build of configuration Debug for project runrun ****
make -j16 all 
arm-none-eabi-size  runrun.elf 
   text	   data	    bss	    dec	    hex	filename
   7692	    100	   2716	  10508	   290c	runrun.elf
Finished building: default.size.stdout
 
20:08:12 **** Incremental Build of configuration Debug for project runrun ****
make -j16 all 
arm-none-eabi-size  runrun.elf 
   text	   data	    bss	    dec	    hex	filename
   7692	    100	   2716	  10508	   290c	runrun.elf
Finished building: default.size.stdout
 
20:10:42 **** Incremental Build of configuration Debug for project runrun ****
make -j16 all 
arm-none-eabi-gcc "../Src/main.c" -mcpu=cortex-m3 -std=gnu11 -g3 -DDEBUG -DSTM32 -DSTM32F1 -DSTM32F103C8Tx -c -I../Inc -I"C:/Users/Lenovo/Desktop/embedding/runrun/STM32CubeF1/Drivers/CMSIS/Include" -IC:/Users/Lenovo/Desktop/embedding/runrun/STM32CubeF1/Drivers/CMSIS/Device/ST/STM32F1xx/Include -O0 -ffunction-sections -fdata-sections -Wall -fstack-usage -fcyclomatic-complexity -MMD -MP -MF"Src/main.d" -MT"Src/main.o" --specs=nano.specs -mfloat-abi=soft -mthumb -o "Src/main.o"
arm-none-eabi-gcc -o "runrun.elf" @"objects.list"   -mcpu=cortex-m3 -T"C:\Users\Lenovo\Desktop\embedding\runrun\STM32F103C8TX_FLASH.ld" --specs=nosys.specs -Wl,-Map="runrun.map" -Wl,--gc-sections -static --specs=nano.specs -mfloat-abi=soft -mthumb -Wl,--start-group -lc -lm -Wl,--end-group
Finished building target: runrun.elf
 
arm-none-eabi-size  runrun.elf 
arm-none-eabi-objdump -h -S runrun.elf  > "runrun.list"
   text	   data	    bss	    dec	    hex	filename
   7712	    100	   2716	  10528	   2920	runrun.elf
arm-none-eabi-objcopy  -O binary runrun.elf  "runrun.bin"
Finished building: default.size.stdout
 
Finished building: runrun.bin
Finished building: runrun.list
 
 
20:12:06 **** Incremental Build of configuration Debug for project runrun ****
make -j16 all 
arm-none-eabi-gcc "../Src/main.c" -mcpu=cortex-m3 -std=gnu11 -g3 -DDEBUG -DSTM32 -DSTM32F1 -DSTM32F103C8Tx -c -I../Inc -I"C:/Users/Lenovo/Desktop/embedding/runrun/STM32CubeF1/Drivers/CMSIS/Include" -IC:/Users/Lenovo/Desktop/embedding/runrun/STM32CubeF1/Drivers/CMSIS/Device/ST/STM32F1xx/Include -O0 -ffunction-sections -fdata-sections -Wall -fstack-usage -fcyclomatic-complexity -MMD -MP -MF"Src/main.d" -MT"Src/main.o" --specs=nano.specs -mfloat-abi=soft -mthumb -o "Src/main.o"
arm-none-eabi-gcc -o "runrun.elf" @"objects.list"   -mcpu=cortex-m3 -T"C:\Users\Lenovo\Desktop\embedding\runrun\STM32F103C8TX_FLASH.ld" --specs=nosys.specs -Wl,-Map="runrun.map" -Wl,--gc-sections -static --specs=nano.specs -mfloat-abi=soft -mthumb -Wl,--start-group -lc -lm -Wl,--end-group
Finished building target: runrun.elf
 
arm-none-eabi-size  runrun.elf 
arm-none-eabi-objdump -h -S runrun.elf  > "runrun.list"
   text	   data	    bss	    dec	    hex	filename
   7712	    100	   2716	  10528	   2920	runrun.elf
arm-none-eabi-objcopy  -O binary runrun.elf  "runrun.bin"
Finished building: default.size.stdout
 
Finished building: runrun.bin
Finished building: runrun.list
 
 
20:14:31 **** Incremental Build of configuration Debug for project runrun ****
make -j16 all 
arm-none-eabi-gcc "../Src/main.c" -mcpu=cortex-m3 -std=gnu11 -g3 -DDEBUG -DSTM32 -DSTM32F1 -DSTM32F103C8Tx -c -I../Inc -I"C:/Users/Lenovo/Desktop/embedding/runrun/STM32CubeF1/Drivers/CMSIS/Include" -IC:/Users/Lenovo/Desktop/embedding/runrun/STM32CubeF1/Drivers/CMSIS/Device/ST/STM32F1xx/Include -O0 -ffunction-sections -fdata-sections -Wall -fstack-usage -fcyclomatic-complexity -MMD -MP -MF"Src/main.d" -MT"Src/main.o" --specs=nano.specs -mfloat-abi=soft -mthumb -o "Src/main.o"
arm-none-eabi-gcc -o "runrun.elf" @"objects.list"   -mcpu=cortex-m3 -T"C:\Users\Lenovo\Desktop\embedding\runrun\STM32F103C8TX_FLASH.ld" --specs=nosys.specs -Wl,-Map="runrun.map" -Wl,--gc-sections -static --specs=nano.specs -mfloat-abi=soft -mthumb -Wl,--start-group -lc -lm -Wl,--end-group
Finished building target: runrun.elf
 
arm-none-eabi-size  runrun.elf 
arm-none-eabi-objdump -h -S runrun.elf  > "runrun.list"
   text	   data	    bss	    dec	    hex	filename
   7712	    100	   2716	  10528	   2920	runrun.elf
arm-none-eabi-objcopy  -O binary runrun.elf  "runrun.bin"
Finished building: default.size.stdout
 
Finished building: runrun.bin
 
Finished building: runrun.list
 
20:25:32 **** Incremental Build of configuration Debug for project runrun ****
make -j16 all 
arm-none-eabi-size  runrun.elf 
   text	   data	    bss	    dec	    hex	filename
   7712	    100	   2716	  10528	   2920	runrun.elf
Finished building: default.size.stdout
 
20:29:14 **** Incremental Build of configuration Debug for project runrun ****
make -j16 all 
arm-none-eabi-gcc "../Src/main.c" -mcpu=cortex-m3 -std=gnu11 -g3 -DDEBUG -DSTM32 -DSTM32F1 -DSTM32F103C8Tx -c -I../Inc -I"C:/Users/Lenovo/Desktop/embedding/runrun/STM32CubeF1/Drivers/CMSIS/Include" -IC:/Users/Lenovo/Desktop/embedding/runrun/STM32CubeF1/Drivers/CMSIS/Device/ST/STM32F1xx/Include -O0 -ffunction-sections -fdata-sections -Wall -fstack-usage -fcyclomatic-complexity -MMD -MP -MF"Src/main.d" -MT"Src/main.o" --specs=nano.specs -mfloat-abi=soft -mthumb -o "Src/main.o"
arm-none-eabi-gcc -o "runrun.elf" @"objects.list"   -mcpu=cortex-m3 -T"C:\Users\Lenovo\Desktop\embedding\runrun\STM32F103C8TX_FLASH.ld" --specs=nosys.specs -Wl,-Map="runrun.map" -Wl,--gc-sections -static --specs=nano.specs -mfloat-abi=soft -mthumb -Wl,--start-group -lc -lm -Wl,--end-group
Finished building target: runrun.elf
 
arm-none-eabi-size  runrun.elf 
arm-none-eabi-objdump -h -S runrun.elf  > "runrun.list"
   text	   data	    bss	    dec	    hex	filename
   7712	    100	   2716	  10528	   2920	runrun.elf
arm-none-eabi-objcopy  -O binary runrun.elf  "runrun.bin"
Finished building: default.size.stdout
 
Finished building: runrun.bin
 
Finished building: runrun.list
 
20:30:10 **** Incremental Build of configuration Debug for project runrun ****
make -j16 all 
arm-none-eabi-gcc "../Src/main.c" -mcpu=cortex-m3 -std=gnu11 -g3 -DDEBUG -DSTM32 -DSTM32F1 -DSTM32F103C8Tx -c -I../Inc -I"C:/Users/Lenovo/Desktop/embedding/runrun/STM32CubeF1/Drivers/CMSIS/Include" -IC:/Users/Lenovo/Desktop/embedding/runrun/STM32CubeF1/Drivers/CMSIS/Device/ST/STM32F1xx/Include -O0 -ffunction-sections -fdata-sections -Wall -fstack-usage -fcyclomatic-complexity -MMD -MP -MF"Src/main.d" -MT"Src/main.o" --specs=nano.specs -mfloat-abi=soft -mthumb -o "Src/main.o"
arm-none-eabi-gcc -o "runrun.elf" @"objects.list"   -mcpu=cortex-m3 -T"C:\Users\Lenovo\Desktop\embedding\runrun\STM32F103C8TX_FLASH.ld" --specs=nosys.specs -Wl,-Map="runrun.map" -Wl,--gc-sections -static --specs=nano.specs -mfloat-abi=soft -mthumb -Wl,--start-group -lc -lm -Wl,--end-group
Finished building target: runrun.elf
 
arm-none-eabi-size  runrun.elf 
arm-none-eabi-objdump -h -S runrun.elf  > "runrun.list"
   text	   data	    bss	    dec	    hex	filename
   7960	    100	   2716	  10776	   2a18	runrun.elf
arm-none-eabi-objcopy  -O binary runrun.elf  "runrun.bin"
Finished building: default.size.stdout
 
Finished building: runrun.bin
 
Finished building: runrun.list
 
