20:30:10 **** Incremental Build of configuration Debug for project runrun ****
make -j16 all 
arm-none-eabi-gcc "../Src/main.c" -mcpu=cortex-m3 -std=gnu11 -g3 -DDEBUG -DSTM32 -DSTM32F1 -DSTM32F103C8Tx -c -I../Inc -I"C:/Users/Lenovo/Desktop/embedding/runrun/STM32CubeF1/Drivers/CMSIS/Include" -IC:/Users/Lenovo/Desktop/embedding/runrun/STM32CubeF1/Drivers/CMSIS/Device/ST/STM32F1xx/Include -O0 -ffunction-sections -fdata-sections -Wall -fstack-usage -fcyclomatic-complexity -MMD -MP -MF"Src/main.d" -MT"Src/main.o" --specs=nano.specs -mfloat-abi=soft -mthumb -o "Src/main.o"
arm-none-eabi-gcc -o "runrun.elf" @"objects.list"   -mcpu=cortex-m3 -T"C:\Users\Lenovo\Desktop\embedding\runrun\STM32F103C8TX_FLASH.ld" --specs=nosys.specs -Wl,-Map="runrun.map" -Wl,--gc-sections -static --specs=nano.specs -mfloat-abi=soft -mthumb -Wl,--start-group -lc -lm -Wl,--end-group
Finished building target: runrun.elf
 
arm-none-eabi-size  runrun.elf 
arm-none-eabi-objdump -h -S runrun.elf  > "runrun.list"
   text	   data	    bss	    dec	    hex	filename
   7960	    100	   2716	  10776	   2a18	runrun.elf
arm-none-eabi-objcopy  -O binary runrun.elf  "runrun.bin"
Finished building: default.size.stdout
 
Finished building: runrun.bin
 
Finished building: runrun.list
 

20:30:10 Build Finished. 0 errors, 0 warnings. (took 622ms)

