13:33:44 **** Incremental Build of configuration Debug for project Snake ****
make -j16 all 
arm-none-eabi-gcc "../Src/main.c" -mcpu=cortex-m3 -std=gnu11 -g3 -DDEBUG -DSTM32 -DSTM32F1 -DSTM32F103C8Tx -c -I../Inc -I"C:/Users/Lenovo/Desktop/embedding/STM32Cube_FW_F1_V1.8.0/Drivers/CMSIS/Device/ST/STM32F1xx/Include" -I"C:/Users/Lenovo/Desktop/embedding/STM32Cube_FW_F1_V1.8.0/Drivers/CMSIS/Include" -O0 -ffunction-sections -fdata-sections -Wall -fstack-usage -fcyclomatic-complexity -MMD -MP -MF"Src/main.d" -MT"Src/main.o" --specs=nano.specs -mfloat-abi=soft -mthumb -o "Src/main.o"
arm-none-eabi-gcc -o "Snake.elf" @"objects.list"   -mcpu=cortex-m3 -T"C:\Users\Lenovo\Desktop\embedding\Snake\STM32F103C8TX_FLASH.ld" --specs=nosys.specs -Wl,-Map="Snake.map" -Wl,--gc-sections -static --specs=nano.specs -mfloat-abi=soft -mthumb -Wl,--start-group -lc -lm -Wl,--end-group
Finished building target: Snake.elf
 
arm-none-eabi-size  Snake.elf 
arm-none-eabi-objdump -h -S Snake.elf  > "Snake.list"
   text	   data	    bss	    dec	    hex	filename
   7348	    100	   2716	  10164	   27b4	Snake.elf
Finished building: default.size.stdout
 
Finished building: Snake.list
 

13:33:45 Build Finished. 0 errors, 0 warnings. (took 566ms)

